[SKIP] Stratified splits (--skip-splits)

############################################################
# Running 1 experiments on 1 GPUs
#   Output: /home/c504-5090-x2/Documents/repos/angiography_vqa/arcade_experiments/results/stenosis_strategies
############################################################
  advisory GPU 1: E4_cross_task_pl — Cross-Task Pseudo-Label (4th place syntax): Stage1 train syntax (1000) with CLAHE+median blur, Stage2 pseudo-label 1000 stenosis images, Stage3 train syntax on combined 2000 with unsharp mask aug. Eval on 300 syntax test. Original 1000/200 splits (NOT fulldata).

  Initial GPU memory (nvidia-smi):
    GPU 1: OK free=32092 MB

Scheduling 1 experiments
  GPU pool            : [1]
  per-GPU baseline    : {1: '32092MB'}
  max_concurrent      : 1
  stagger_seconds     : 15
  min_free_mb         : 2000
  idle tolerance (MB) : 500
  idle timeout (s)    : 600
  Launched E4_cross_task_pl on GPU 1 (PID 160729, free=32092MB, baseline=32092MB, log: /home/c504-5090-x2/Documents/repos/angiography_vqa/arcade_experiments/results/stenosis_strategies/E4_cross_task_pl/worker.log)
  [1/1] [GPU 1] E4_cross_task_pl: OK
    [GPU 1] released: idle (free=32092MB)

====================================================================================================
STENOSIS IMPROVEMENT STRATEGIES — COMPARISON
====================================================================================================

Name                         Status    Hours    mAP50       F1   Syn mAP   Sten AP   Sten F1
----------------------------------------------------------------------------------------------------
E4_cross_task_pl             FAIL        0.4        —        —         —         —         —

====================================================================================================
PER-CLASS F1 (Test)
====================================================================================================

  S15_multiseed_summary written (n=3):
    syntax mAP50  : 0.7375 ± 0.0102
    stenosis AP50 : 0.3466 ± 0.0306
    stenosis F1   : 0.4177 ± 0.0265
    overall F1    : 0.6999 ± 0.0083

  S18_multiseed_summary written (n=2):
    syntax mAP50  : 0.7414 ± 0.0109
    stenosis AP50 : 0.3620 ± 0.0105
    stenosis F1   : 0.4375 ± 0.0246
    overall F1    : 0.7029 ± 0.0096

  S27_multiseed_summary written (n=2):
    syntax mAP50  : 0.7445 ± 0.0069
    stenosis AP50 : 0.3775 ± 0.0081
    stenosis F1   : 0.4422 ± 0.0115
    overall F1    : 0.7004 ± 0.0027

====================================================================================================
ALL EXPERIMENTS COMPLETE (0.4h wall time)
Results saved: /home/c504-5090-x2/Documents/repos/angiography_vqa/arcade_experiments/results/stenosis_strategies/strategy_results.json
  (merged with 59 existing entries, total 59 entries)
  0 succeeded, 1 failed
  Failed experiments:
    E4_cross_task_pl: CUDA error: invalid device ordinal
GPU device may be out of range, do you have enough GPUs?
CUDA kernel errors might be asynchronously reported at some other API call, so the stacktrace below might be incorrect.
For debugging consider passing CUDA_LAUNCH_BLOCKING=1
Compile with `TORCH_USE_CUDA_DSA` to enable device-side assertions.

====================================================================================================
