nohup: ignoring input
[SKIP] Stratified splits (--skip-splits)

############################################################
# Running 6 experiments on 2 GPUs
#   Output: /home/c504-5090-x2/Documents/repos/angiography_vqa/arcade_experiments/results/stenosis_strategies
############################################################
  advisory GPU 0: S51_s31_clahe — S31 best recipe + CLAHE preprocessing on stenosis images. CLAHE (clip=2, tile=8) applied at dataset-prep time before training. NEVER tried in 50 experiments. ARCADE organizers showed +2pp Dice from CLAHE on their YOLOv8x baseline. Base: SGD lr=0.005, mosaic=0.8, cp=0.3, 768px, yolo11m.
  advisory GPU 1: S52_s31_tophat_clahe — S31 best recipe + white top-hat + CLAHE (exact ARCADE organizer preprocessing: morphological top-hat on neg + CLAHE). The organizers' own best-performing preprocessing pipeline, never applied to our training. S31 base config.
  advisory GPU 0: S53_ssass_768px — SSASS aug recipe at 768px (fixing S44 which used 640px and early-stopped after ~30 epochs). degrees=30, translate=0.3, perspective=0.001, HSV aug, no mosaic/cp. Plus SGD lr=0.005 (S31 finding). 768px gives stenoses 3-5px width vs 2-4px at 640px — aug survives better.
  advisory GPU 1: S54_s43b_clahe — S43b aug (mosaic=0.8, no copy_paste) + CLAHE preprocessing + lr=0.005. Tests whether CLAHE can compensate for removing copy_paste. S43b alone = 0.4280; adding CLAHE targets 0.46+.
  advisory GPU 0: S55_lr003 — Stenosis SGD lr=0.003 — next step below S31's best 0.005. LR trend: 0.02->0.41, 0.01->0.43, 0.005->0.46. If monotonic, 0.003 projects to 0.48+. Same aug as S31 (mosaic=0.8, cp=0.3).
  advisory GPU 1: S56_yolo11x_stenosis — yolo11x-seg for stenosis + S31 best HPs. yolo11l gave same F1 as yolo11m within noise. yolo11x is 2x more params — may finally provide extra capacity benefit on this tiny-object detection task. batch=2 for 768px + x model.

  Initial GPU memory (nvidia-smi):
    GPU 0: OK free=31463 MB
    GPU 1: OK free=32092 MB
  Permanently excluding PIDs from idle check: {4065298}

Scheduling 6 experiments
  GPU pool            : [0, 1]
  per-GPU baseline    : {0: '31463MB', 1: '32092MB'}
  max_concurrent      : 2
  stagger_seconds     : 15
  min_free_mb         : 0
  idle tolerance (MB) : 500
  idle timeout (s)    : 600
  Launched S51_s31_clahe on GPU 0 (PID 267708, free=31463MB, baseline=31463MB, log: /home/c504-5090-x2/Documents/repos/angiography_vqa/arcade_experiments/results/stenosis_strategies/S51_s31_clahe/worker.log)
  (staggering 15s before next launch)
  Launched S52_s31_tophat_clahe on GPU 1 (PID 268098, free=32092MB, baseline=32092MB, log: /home/c504-5090-x2/Documents/repos/angiography_vqa/arcade_experiments/results/stenosis_strategies/S52_s31_tophat_clahe/worker.log)
  [1/6] [GPU 1] S52_s31_tophat_clahe: OK
    [GPU 1] released: idle (free=32095MB)
  Launched S53_ssass_768px on GPU 1 (PID 289533, free=32095MB, baseline=32092MB, log: /home/c504-5090-x2/Documents/repos/angiography_vqa/arcade_experiments/results/stenosis_strategies/S53_ssass_768px/worker.log)
  [2/6] [GPU 0] S51_s31_clahe: OK
    [GPU 0] released: idle (free=32078MB)
  Launched S54_s43b_clahe on GPU 0 (PID 289700, free=32078MB, baseline=31463MB, log: /home/c504-5090-x2/Documents/repos/angiography_vqa/arcade_experiments/results/stenosis_strategies/S54_s43b_clahe/worker.log)
  [3/6] [GPU 0] S54_s43b_clahe: OK
    [GPU 0] released: idle (free=32078MB)
  Launched S55_lr003 on GPU 0 (PID 310255, free=32078MB, baseline=31463MB, log: /home/c504-5090-x2/Documents/repos/angiography_vqa/arcade_experiments/results/stenosis_strategies/S55_lr003/worker.log)
  [4/6] [GPU 1] S53_ssass_768px: OK
    [GPU 1] released: idle (free=32095MB)
  Launched S56_yolo11x_stenosis on GPU 1 (PID 311987, free=32095MB, baseline=32092MB, log: /home/c504-5090-x2/Documents/repos/angiography_vqa/arcade_experiments/results/stenosis_strategies/S56_yolo11x_stenosis/worker.log)
  [5/6] [GPU 0] S55_lr003: OK
    [GPU 0] released: idle (free=32078MB)
  [6/6] [GPU 1] S56_yolo11x_stenosis: OK
    [GPU 1] released: idle (free=32095MB)

====================================================================================================
STENOSIS IMPROVEMENT STRATEGIES — COMPARISON
====================================================================================================

Name                         Status    Hours    mAP50       F1   Syn mAP   Sten AP   Sten F1
----------------------------------------------------------------------------------------------------
S52_s31_tophat_clahe         OK          0.7   0.7270   0.7186    0.7568    0.3691    0.4268
S51_s31_clahe                OK          0.7   0.7290   0.7196    0.7568    0.3951    0.4466
S54_s43b_clahe               OK          0.7   0.7296   0.7206    0.7568    0.4024    0.4569
S53_ssass_768px              OK          0.8   0.7275   0.7190    0.7568    0.3752    0.4334
S55_lr003                    OK          0.7   0.7281   0.7193    0.7568    0.3828    0.4396
S56_yolo11x_stenosis         OK          1.3   0.7273   0.7189    0.7568    0.3733    0.4368

====================================================================================================
PER-CLASS F1 (Test)
====================================================================================================
Name                                1       11       13       16        2        3        4        5        6        7        8        9 stenosis
-------------------------------------------------------------------------------------------------------------------------------------------------
S52_s31_tophat_clahe           0.8778   0.8430   0.5215   0.6704   0.7949   0.8162   0.7833   0.8473   0.7427   0.7281   0.7476   0.5053   0.4268
S51_s31_clahe                  0.8778   0.8430   0.5215   0.6704   0.7949   0.8162   0.7833   0.8473   0.7427   0.7281   0.7476   0.5053   0.4466
S54_s43b_clahe                 0.8778   0.8430   0.5215   0.6704   0.7949   0.8162   0.7833   0.8473   0.7427   0.7281   0.7476   0.5053   0.4569
S53_ssass_768px                0.8778   0.8430   0.5215   0.6704   0.7949   0.8162   0.7833   0.8473   0.7427   0.7281   0.7476   0.5053   0.4334
S55_lr003                      0.8778   0.8430   0.5215   0.6704   0.7949   0.8162   0.7833   0.8473   0.7427   0.7281   0.7476   0.5053   0.4396
S56_yolo11x_stenosis           0.8778   0.8430   0.5215   0.6704   0.7949   0.8162   0.7833   0.8473   0.7427   0.7281   0.7476   0.5053   0.4368

  S15_multiseed_summary written (n=3):
    syntax mAP50  : 0.7375 ± 0.0102
    stenosis AP50 : 0.3466 ± 0.0306
    stenosis F1   : 0.4177 ± 0.0265
    overall F1    : 0.6999 ± 0.0083

  S18_multiseed_summary written (n=2):
    syntax mAP50  : 0.7414 ± 0.0109
    stenosis AP50 : 0.3620 ± 0.0105
    stenosis F1   : 0.4375 ± 0.0246
    overall F1    : 0.7029 ± 0.0096

  S27_multiseed_summary written (n=2):
    syntax mAP50  : 0.7445 ± 0.0069
    stenosis AP50 : 0.3775 ± 0.0081
    stenosis F1   : 0.4422 ± 0.0115
    overall F1    : 0.7004 ± 0.0027

====================================================================================================
ALL EXPERIMENTS COMPLETE (2.7h wall time)
Results saved: /home/c504-5090-x2/Documents/repos/angiography_vqa/arcade_experiments/results/stenosis_strategies/strategy_results.json
  (merged with 47 existing entries, total 53 entries)
  6 succeeded, 0 failed
====================================================================================================
