nohup: ignoring input
[SKIP] Stratified splits (--skip-splits)

############################################################
# Running 2 experiments on 1 GPUs
#   Output: /home/c504-5090-x2/Documents/repos/angiography_vqa/arcade_experiments/results/stenosis_strategies
############################################################
  advisory GPU 1: S43a_no_mosaic — S36 recipe minus mosaic (copy_paste stays 0.3). Ablation arm 1: does mosaic hurt stenosis?
  advisory GPU 1: S43c_no_both — S36 recipe minus BOTH mosaic and copy_paste (Medipixel-style conservative aug). Ablation arm 3 — the unified 'less-is-more' hypothesis.

  Initial GPU memory (nvidia-smi):
    GPU 1: OK free=32092 MB

Scheduling 2 experiments
  GPU pool            : [1]
  per-GPU baseline    : {1: '32092MB'}
  max_concurrent      : 1
  stagger_seconds     : 15
  min_free_mb         : 0
  idle tolerance (MB) : 500
  idle timeout (s)    : 600
  Launched S43a_no_mosaic on GPU 1 (PID 88740, free=32092MB, baseline=32092MB, log: /home/c504-5090-x2/Documents/repos/angiography_vqa/arcade_experiments/results/stenosis_strategies/S43a_no_mosaic/worker.log)
  [1/2] [GPU 1] S43a_no_mosaic: OK
    [GPU 1] released: idle (free=32092MB)
  Launched S43c_no_both on GPU 1 (PID 122680, free=32092MB, baseline=32092MB, log: /home/c504-5090-x2/Documents/repos/angiography_vqa/arcade_experiments/results/stenosis_strategies/S43c_no_both/worker.log)
  [2/2] [GPU 1] S43c_no_both: OK
    [GPU 1] released: idle (free=32092MB)

====================================================================================================
STENOSIS IMPROVEMENT STRATEGIES — COMPARISON
====================================================================================================

Name                         Status    Hours    mAP50       F1   Syn mAP   Sten AP   Sten F1
----------------------------------------------------------------------------------------------------
S43a_no_mosaic               OK          0.5   0.7175   0.6967    0.7494    0.3341    0.4103
S43c_no_both                 OK          0.4   0.7172   0.6958    0.7494    0.3300    0.3988

====================================================================================================
PER-CLASS F1 (Test)
====================================================================================================
Name                                1       11       13       16        2        3        4        5        6        7        8        9 stenosis
-------------------------------------------------------------------------------------------------------------------------------------------------
S43a_no_mosaic                 0.8289   0.8728   0.4175   0.5858   0.7499   0.8428   0.8089   0.8589   0.6825   0.7300   0.7725   0.4475   0.4103
S43c_no_both                   0.8289   0.8728   0.4175   0.5858   0.7499   0.8428   0.8089   0.8589   0.6825   0.7300   0.7725   0.4475   0.3988

  S15_multiseed_summary written (n=3):
    syntax mAP50  : 0.7375 ± 0.0102
    stenosis AP50 : 0.3466 ± 0.0306
    stenosis F1   : 0.4177 ± 0.0265
    overall F1    : 0.6999 ± 0.0083

  S18_multiseed_summary written (n=2):
    syntax mAP50  : 0.7414 ± 0.0109
    stenosis AP50 : 0.3620 ± 0.0105
    stenosis F1   : 0.4375 ± 0.0246
    overall F1    : 0.7029 ± 0.0096

  S27_multiseed_summary written (n=2):
    syntax mAP50  : 0.7445 ± 0.0069
    stenosis AP50 : 0.3775 ± 0.0081
    stenosis F1   : 0.4422 ± 0.0115
    overall F1    : 0.7004 ± 0.0027

====================================================================================================
ALL EXPERIMENTS COMPLETE (0.8h wall time)
Results saved: /home/c504-5090-x2/Documents/repos/angiography_vqa/arcade_experiments/results/stenosis_strategies/strategy_results.json
  (merged with 46 existing entries, total 46 entries)
  2 succeeded, 0 failed
====================================================================================================
