nohup: ignoring input
[SKIP] Stratified splits (--skip-splits)

############################################################
# Running 8 experiments on 2 GPUs
#   Output: /home/c504-5090-x2/Documents/repos/angiography_vqa/arcade_experiments/results/stenosis_strategies
############################################################
  advisory GPU 0: S11_stenosis_1024 — S8 recipe + stenosis model at 1024px (bigger objects → highest-priority gain)
  advisory GPU 1: S12_stenosis_yolo11l — S8 recipe + yolo11l-seg (larger model) for stenosis; syntax stays yolo11m
  advisory GPU 0: S13_mixup_mosaic_stack — S8 recipe + mixup=0.15 on stenosis (mixup + mosaic complementary regularisation)
  advisory GPU 1: S15_s8_seed42 — S8 recipe with seed=42 (variance study)
  advisory GPU 0: S15_s8_seed7 — S8 recipe with seed=7 (variance study)
  advisory GPU 1: S15_s8_seed2024 — S8 recipe with seed=2024 (variance study)
  advisory GPU 0: S16_mosaic_both — S8 + mosaic=0.5 on syntax too (stretch: test whether mosaic helps syntax too)
  advisory GPU 1: S17_mosaic_crop_1024 — S8 mosaic + vessel-guided CROP + stenosis at 1024px (combines the two orthogonal Round 2 wins; highest-ceiling experiment)

  Initial GPU memory (nvidia-smi):
    GPU 0: OK free=32030 MB
    GPU 1: OK free=32095 MB

Scheduling 8 experiments
  GPU pool            : [0, 1]
  per-GPU baseline    : {0: '32030MB', 1: '32095MB'}
  max_concurrent      : 2
  stagger_seconds     : 15
  min_free_mb         : 2000
  idle tolerance (MB) : 500
  idle timeout (s)    : 600
  Launched S11_stenosis_1024 on GPU 0 (PID 2469334, free=32030MB, baseline=32030MB, log: /home/c504-5090-x2/Documents/repos/angiography_vqa/arcade_experiments/results/stenosis_strategies/S11_stenosis_1024/worker.log)
  (staggering 15s before next launch)
  Launched S12_stenosis_yolo11l on GPU 1 (PID 2469480, free=32095MB, baseline=32095MB, log: /home/c504-5090-x2/Documents/repos/angiography_vqa/arcade_experiments/results/stenosis_strategies/S12_stenosis_yolo11l/worker.log)
  [1/8] [GPU 0] S11_stenosis_1024: OK
    [GPU 0] waiting for idle — 1 lingering compute PID(s): [2469480]; free=26474MB < baseline(32030)-tol(500)=31530 (waited 0s / 120s)
    [GPU 0] waiting for idle — 1 lingering compute PID(s): [2469480]; free=26474MB < baseline(32030)-tol(500)=31530 (waited 3s / 120s)
    [GPU 0] waiting for idle — 1 lingering compute PID(s): [2469480]; free=26474MB < baseline(32030)-tol(500)=31530 (waited 6s / 120s)
    [GPU 0] waiting for idle — 1 lingering compute PID(s): [2469480]; free=26474MB < baseline(32030)-tol(500)=31530 (waited 9s / 120s)
    [GPU 0] waiting for idle — 1 lingering compute PID(s): [2469480]; free=26474MB < baseline(32030)-tol(500)=31530 (waited 12s / 120s)
    [GPU 0] waiting for idle — 1 lingering compute PID(s): [2469480]; free=26474MB < baseline(32030)-tol(500)=31530 (waited 15s / 120s)
    [GPU 0] waiting for idle — 1 lingering compute PID(s): [2469480]; free=26474MB < baseline(32030)-tol(500)=31530 (waited 18s / 120s)
    [GPU 0] waiting for idle — 1 lingering compute PID(s): [2469480]; free=26474MB < baseline(32030)-tol(500)=31530 (waited 21s / 120s)
    [GPU 0] waiting for idle — 1 lingering compute PID(s): [2469480]; free=26474MB < baseline(32030)-tol(500)=31530 (waited 24s / 120s)
    [GPU 0] waiting for idle — 1 lingering compute PID(s): [2469480]; free=26474MB < baseline(32030)-tol(500)=31530 (waited 27s / 120s)
    [GPU 0] waiting for idle — 1 lingering compute PID(s): [2469480]; free=26474MB < baseline(32030)-tol(500)=31530 (waited 30s / 120s)
    [GPU 0] waiting for idle — 1 lingering compute PID(s): [2469480]; free=26474MB < baseline(32030)-tol(500)=31530 (waited 33s / 120s)
    [GPU 0] waiting for idle — 1 lingering compute PID(s): [2469480]; free=26474MB < baseline(32030)-tol(500)=31530 (waited 36s / 120s)
    [GPU 0] waiting for idle — 1 lingering compute PID(s): [2469480]; free=26474MB < baseline(32030)-tol(500)=31530 (waited 39s / 120s)
    [GPU 0] waiting for idle — 1 lingering compute PID(s): [2469480]; free=26474MB < baseline(32030)-tol(500)=31530 (waited 42s / 120s)
    [GPU 0] waiting for idle — 1 lingering compute PID(s): [2469480]; free=26474MB < baseline(32030)-tol(500)=31530 (waited 45s / 120s)
    [GPU 0] waiting for idle — 1 lingering compute PID(s): [2469480]; free=26474MB < baseline(32030)-tol(500)=31530 (waited 48s / 120s)
    [GPU 0] waiting for idle — 1 lingering compute PID(s): [2469480]; free=26474MB < baseline(32030)-tol(500)=31530 (waited 51s / 120s)
    [GPU 0] waiting for idle — 1 lingering compute PID(s): [2469480]; free=26474MB < baseline(32030)-tol(500)=31530 (waited 54s / 120s)
    [GPU 0] waiting for idle — 1 lingering compute PID(s): [2469480]; free=26474MB < baseline(32030)-tol(500)=31530 (waited 57s / 120s)
    [GPU 0] waiting for idle — 1 lingering compute PID(s): [2469480]; free=26474MB < baseline(32030)-tol(500)=31530 (waited 60s / 120s)
    [GPU 0] waiting for idle — 1 lingering compute PID(s): [2469480]; free=26474MB < baseline(32030)-tol(500)=31530 (waited 63s / 120s)
    [GPU 0] waiting for idle — 1 lingering compute PID(s): [2469480]; free=26474MB < baseline(32030)-tol(500)=31530 (waited 66s / 120s)
    [GPU 0] waiting for idle — 1 lingering compute PID(s): [2469480]; free=26474MB < baseline(32030)-tol(500)=31530 (waited 69s / 120s)
    [GPU 0] waiting for idle — 1 lingering compute PID(s): [2469480]; free=26474MB < baseline(32030)-tol(500)=31530 (waited 72s / 120s)
    [GPU 0] waiting for idle — 1 lingering compute PID(s): [2469480]; free=26474MB < baseline(32030)-tol(500)=31530 (waited 75s / 120s)
    [GPU 0] waiting for idle — 1 lingering compute PID(s): [2469480]; free=26474MB < baseline(32030)-tol(500)=31530 (waited 78s / 120s)
    [GPU 0] waiting for idle — 1 lingering compute PID(s): [2469480]; free=26474MB < baseline(32030)-tol(500)=31530 (waited 81s / 120s)
    [GPU 0] waiting for idle — 1 lingering compute PID(s): [2469480]; free=26474MB < baseline(32030)-tol(500)=31530 (waited 84s / 120s)
    [GPU 0] waiting for idle — 1 lingering compute PID(s): [2469480]; free=26474MB < baseline(32030)-tol(500)=31530 (waited 87s / 120s)
    [GPU 0] waiting for idle — 1 lingering compute PID(s): [2469480]; free=26474MB < baseline(32030)-tol(500)=31530 (waited 90s / 120s)
    [GPU 0] waiting for idle — 1 lingering compute PID(s): [2469480]; free=26474MB < baseline(32030)-tol(500)=31530 (waited 93s / 120s)
    [GPU 0] waiting for idle — 1 lingering compute PID(s): [2469480]; free=26474MB < baseline(32030)-tol(500)=31530 (waited 96s / 120s)
    [GPU 0] waiting for idle — 1 lingering compute PID(s): [2469480]; free=26474MB < baseline(32030)-tol(500)=31530 (waited 99s / 120s)
    [GPU 0] waiting for idle — 1 lingering compute PID(s): [2469480]; free=26474MB < baseline(32030)-tol(500)=31530 (waited 102s / 120s)
    [GPU 0] waiting for idle — 1 lingering compute PID(s): [2469480]; free=26474MB < baseline(32030)-tol(500)=31530 (waited 105s / 120s)
    [GPU 0] waiting for idle — 1 lingering compute PID(s): [2469480]; free=26474MB < baseline(32030)-tol(500)=31530 (waited 108s / 120s)
    [GPU 0] waiting for idle — 1 lingering compute PID(s): [2469480]; free=26474MB < baseline(32030)-tol(500)=31530 (waited 111s / 120s)
    [GPU 0] waiting for idle — 1 lingering compute PID(s): [2469480]; free=26474MB < baseline(32030)-tol(500)=31530 (waited 114s / 120s)
    [GPU 0] waiting for idle — 1 lingering compute PID(s): [2469480]; free=26474MB < baseline(32030)-tol(500)=31530 (waited 117s / 120s)
    [GPU 0] waiting for idle — 1 lingering compute PID(s): [2469480]; free=26474MB < baseline(32030)-tol(500)=31530 (waited 120s / 120s)
    [GPU 0] WARNING: not idle after completion — timeout after 120s — 1 lingering compute PID(s): [2469480]; free=26474MB < baseline(32030)-tol(500)=31530
    [GPU 0] waiting for idle — 1 lingering compute PID(s): [2469480]; free=26474MB < baseline(32030)-tol(500)=31530 (waited 0s / 600s)
    [GPU 0] waiting for idle — 1 lingering compute PID(s): [2469480]; free=26474MB < baseline(32030)-tol(500)=31530 (waited 5s / 600s)
    [GPU 0] waiting for idle — 1 lingering compute PID(s): [2469480]; free=26474MB < baseline(32030)-tol(500)=31530 (waited 10s / 600s)
    [GPU 0] waiting for idle — 1 lingering compute PID(s): [2469480]; free=26474MB < baseline(32030)-tol(500)=31530 (waited 15s / 600s)
    [GPU 0] waiting for idle — 1 lingering compute PID(s): [2469480]; free=26474MB < baseline(32030)-tol(500)=31530 (waited 20s / 600s)
    [GPU 0] waiting for idle — 1 lingering compute PID(s): [2469480]; free=26474MB < baseline(32030)-tol(500)=31530 (waited 25s / 600s)
    [GPU 0] waiting for idle — 1 lingering compute PID(s): [2469480]; free=26474MB < baseline(32030)-tol(500)=31530 (waited 30s / 600s)
    [GPU 0] waiting for idle — 1 lingering compute PID(s): [2469480]; free=26474MB < baseline(32030)-tol(500)=31530 (waited 35s / 600s)
    [GPU 0] waiting for idle — 1 lingering compute PID(s): [2469480]; free=26474MB < baseline(32030)-tol(500)=31530 (waited 40s / 600s)
    [GPU 0] waiting for idle — 1 lingering compute PID(s): [2469480]; free=26474MB < baseline(32030)-tol(500)=31530 (waited 45s / 600s)
    [GPU 0] waiting for idle — 1 lingering compute PID(s): [2469480]; free=26474MB < baseline(32030)-tol(500)=31530 (waited 50s / 600s)
    [GPU 0] waiting for idle — 1 lingering compute PID(s): [2469480]; free=26474MB < baseline(32030)-tol(500)=31530 (waited 55s / 600s)
    [GPU 0] waiting for idle — 1 lingering compute PID(s): [2469480]; free=26474MB < baseline(32030)-tol(500)=31530 (waited 60s / 600s)
    [GPU 0] waiting for idle — 1 lingering compute PID(s): [2469480]; free=26474MB < baseline(32030)-tol(500)=31530 (waited 65s / 600s)
    [GPU 0] waiting for idle — 1 lingering compute PID(s): [2469480]; free=26474MB < baseline(32030)-tol(500)=31530 (waited 70s / 600s)
    [GPU 0] waiting for idle — 1 lingering compute PID(s): [2469480]; free=26474MB < baseline(32030)-tol(500)=31530 (waited 75s / 600s)
    [GPU 0] waiting for idle — 1 lingering compute PID(s): [2469480]; free=26474MB < baseline(32030)-tol(500)=31530 (waited 80s / 600s)
    [GPU 0] waiting for idle — 1 lingering compute PID(s): [2469480]; free=26474MB < baseline(32030)-tol(500)=31530 (waited 85s / 600s)
    [GPU 0] waiting for idle — 1 lingering compute PID(s): [2469480]; free=26474MB < baseline(32030)-tol(500)=31530 (waited 90s / 600s)
    [GPU 0] waiting for idle — 1 lingering compute PID(s): [2469480]; free=26474MB < baseline(32030)-tol(500)=31530 (waited 95s / 600s)
    [GPU 0] waiting for idle — 1 lingering compute PID(s): [2469480]; free=26474MB < baseline(32030)-tol(500)=31530 (waited 100s / 600s)
    [GPU 0] waiting for idle — 1 lingering compute PID(s): [2469480]; free=26474MB < baseline(32030)-tol(500)=31530 (waited 105s / 600s)
    [GPU 0] waiting for idle — 1 lingering compute PID(s): [2469480]; free=26474MB < baseline(32030)-tol(500)=31530 (waited 110s / 600s)
    [GPU 0] waiting for idle — 1 lingering compute PID(s): [2469480]; free=26474MB < baseline(32030)-tol(500)=31530 (waited 115s / 600s)
    [GPU 0] waiting for idle — 1 lingering compute PID(s): [2469480]; free=26474MB < baseline(32030)-tol(500)=31530 (waited 120s / 600s)
    [GPU 0] waiting for idle — 1 lingering compute PID(s): [2469480]; free=26474MB < baseline(32030)-tol(500)=31530 (waited 125s / 600s)
    [GPU 0] waiting for idle — 1 lingering compute PID(s): [2469480]; free=26474MB < baseline(32030)-tol(500)=31530 (waited 130s / 600s)
    [GPU 0] waiting for idle — 1 lingering compute PID(s): [2469480]; free=26474MB < baseline(32030)-tol(500)=31530 (waited 135s / 600s)
    [GPU 0] waiting for idle — 1 lingering compute PID(s): [2469480]; free=26474MB < baseline(32030)-tol(500)=31530 (waited 140s / 600s)
    [GPU 0] waiting for idle — 1 lingering compute PID(s): [2469480]; free=26474MB < baseline(32030)-tol(500)=31530 (waited 145s / 600s)
    [GPU 0] waiting for idle — 1 lingering compute PID(s): [2469480]; free=26474MB < baseline(32030)-tol(500)=31530 (waited 150s / 600s)
    [GPU 0] waiting for idle — 1 lingering compute PID(s): [2469480]; free=26474MB < baseline(32030)-tol(500)=31530 (waited 155s / 600s)
    [GPU 0] waiting for idle — 1 lingering compute PID(s): [2469480]; free=26474MB < baseline(32030)-tol(500)=31530 (waited 160s / 600s)
    [GPU 0] waiting for idle — 1 lingering compute PID(s): [2469480]; free=26474MB < baseline(32030)-tol(500)=31530 (waited 165s / 600s)
    [GPU 0] waiting for idle — 1 lingering compute PID(s): [2469480]; free=26474MB < baseline(32030)-tol(500)=31530 (waited 170s / 600s)
    [GPU 0] waiting for idle — 1 lingering compute PID(s): [2469480]; free=26474MB < baseline(32030)-tol(500)=31530 (waited 175s / 600s)
    [GPU 0] waiting for idle — 1 lingering compute PID(s): [2469480]; free=26474MB < baseline(32030)-tol(500)=31530 (waited 180s / 600s)
    [GPU 0] waiting for idle — 1 lingering compute PID(s): [2469480]; free=26474MB < baseline(32030)-tol(500)=31530 (waited 185s / 600s)
    [GPU 0] waiting for idle — 1 lingering compute PID(s): [2469480]; free=29928MB < baseline(32030)-tol(500)=31530 (waited 190s / 600s)
    [GPU 0] waiting for idle — 1 lingering compute PID(s): [2469480]; free=26324MB < baseline(32030)-tol(500)=31530 (waited 195s / 600s)
  Launched S13_mixup_mosaic_stack on GPU 0 (PID 2515715, free=32078MB, baseline=32030MB, log: /home/c504-5090-x2/Documents/repos/angiography_vqa/arcade_experiments/results/stenosis_strategies/S13_mixup_mosaic_stack/worker.log)
  [2/8] [GPU 1] S12_stenosis_yolo11l: OK
    [GPU 1] released: idle (free=32095MB)
  Launched S15_s8_seed42 on GPU 1 (PID 2515755, free=32095MB, baseline=32095MB, log: /home/c504-5090-x2/Documents/repos/angiography_vqa/arcade_experiments/results/stenosis_strategies/S15_s8_seed42/worker.log)
  [3/8] [GPU 1] S15_s8_seed42: OK
    [GPU 1] released: idle (free=32095MB)
  Launched S15_s8_seed7 on GPU 1 (PID 2552674, free=32095MB, baseline=32095MB, log: /home/c504-5090-x2/Documents/repos/angiography_vqa/arcade_experiments/results/stenosis_strategies/S15_s8_seed7/worker.log)
  [4/8] [GPU 0] S13_mixup_mosaic_stack: OK
    [GPU 0] waiting for idle — 1 lingering compute PID(s): [2552674]; free=25744MB < baseline(32030)-tol(500)=31530 (waited 0s / 120s)
    [GPU 0] waiting for idle — 1 lingering compute PID(s): [2552674]; free=25744MB < baseline(32030)-tol(500)=31530 (waited 3s / 120s)
    [GPU 0] waiting for idle — 1 lingering compute PID(s): [2552674]; free=25744MB < baseline(32030)-tol(500)=31530 (waited 6s / 120s)
    [GPU 0] waiting for idle — 1 lingering compute PID(s): [2552674]; free=25744MB < baseline(32030)-tol(500)=31530 (waited 9s / 120s)
    [GPU 0] waiting for idle — 1 lingering compute PID(s): [2552674]; free=25744MB < baseline(32030)-tol(500)=31530 (waited 12s / 120s)
    [GPU 0] waiting for idle — 1 lingering compute PID(s): [2552674]; free=25744MB < baseline(32030)-tol(500)=31530 (waited 15s / 120s)
    [GPU 0] waiting for idle — 1 lingering compute PID(s): [2552674]; free=25744MB < baseline(32030)-tol(500)=31530 (waited 18s / 120s)
    [GPU 0] waiting for idle — 1 lingering compute PID(s): [2552674]; free=25744MB < baseline(32030)-tol(500)=31530 (waited 21s / 120s)
    [GPU 0] waiting for idle — 1 lingering compute PID(s): [2552674]; free=25744MB < baseline(32030)-tol(500)=31530 (waited 24s / 120s)
    [GPU 0] waiting for idle — 1 lingering compute PID(s): [2552674]; free=25744MB < baseline(32030)-tol(500)=31530 (waited 27s / 120s)
    [GPU 0] waiting for idle — 1 lingering compute PID(s): [2552674]; free=25744MB < baseline(32030)-tol(500)=31530 (waited 30s / 120s)
    [GPU 0] waiting for idle — 1 lingering compute PID(s): [2552674]; free=25744MB < baseline(32030)-tol(500)=31530 (waited 33s / 120s)
    [GPU 0] waiting for idle — 1 lingering compute PID(s): [2552674]; free=25744MB < baseline(32030)-tol(500)=31530 (waited 36s / 120s)
    [GPU 0] waiting for idle — 1 lingering compute PID(s): [2552674]; free=25744MB < baseline(32030)-tol(500)=31530 (waited 39s / 120s)
    [GPU 0] waiting for idle — 1 lingering compute PID(s): [2552674]; free=25744MB < baseline(32030)-tol(500)=31530 (waited 42s / 120s)
    [GPU 0] waiting for idle — 1 lingering compute PID(s): [2552674]; free=25744MB < baseline(32030)-tol(500)=31530 (waited 45s / 120s)
    [GPU 0] waiting for idle — 1 lingering compute PID(s): [2552674]; free=25744MB < baseline(32030)-tol(500)=31530 (waited 48s / 120s)
    [GPU 0] waiting for idle — 1 lingering compute PID(s): [2552674]; free=25744MB < baseline(32030)-tol(500)=31530 (waited 51s / 120s)
    [GPU 0] waiting for idle — 1 lingering compute PID(s): [2552674]; free=25744MB < baseline(32030)-tol(500)=31530 (waited 54s / 120s)
    [GPU 0] waiting for idle — 1 lingering compute PID(s): [2552674]; free=25744MB < baseline(32030)-tol(500)=31530 (waited 57s / 120s)
    [GPU 0] waiting for idle — 1 lingering compute PID(s): [2552674]; free=25744MB < baseline(32030)-tol(500)=31530 (waited 60s / 120s)
    [GPU 0] waiting for idle — 1 lingering compute PID(s): [2552674]; free=25744MB < baseline(32030)-tol(500)=31530 (waited 63s / 120s)
    [GPU 0] waiting for idle — 1 lingering compute PID(s): [2552674]; free=25744MB < baseline(32030)-tol(500)=31530 (waited 66s / 120s)
    [GPU 0] waiting for idle — 1 lingering compute PID(s): [2552674]; free=25744MB < baseline(32030)-tol(500)=31530 (waited 69s / 120s)
    [GPU 0] waiting for idle — 1 lingering compute PID(s): [2552674]; free=24482MB < baseline(32030)-tol(500)=31530 (waited 72s / 120s)
    [GPU 0] waiting for idle — 1 lingering compute PID(s): [2552674]; free=24442MB < baseline(32030)-tol(500)=31530 (waited 75s / 120s)
    [GPU 0] waiting for idle — 1 lingering compute PID(s): [2552674]; free=24432MB < baseline(32030)-tol(500)=31530 (waited 78s / 120s)
    [GPU 0] waiting for idle — 1 lingering compute PID(s): [2552674]; free=24432MB < baseline(32030)-tol(500)=31530 (waited 81s / 120s)
    [GPU 0] waiting for idle — 1 lingering compute PID(s): [2552674]; free=22674MB < baseline(32030)-tol(500)=31530 (waited 84s / 120s)
    [GPU 0] waiting for idle — 1 lingering compute PID(s): [2552674]; free=22674MB < baseline(32030)-tol(500)=31530 (waited 87s / 120s)
    [GPU 0] waiting for idle — 1 lingering compute PID(s): [2552674]; free=22674MB < baseline(32030)-tol(500)=31530 (waited 90s / 120s)
    [GPU 0] waiting for idle — 1 lingering compute PID(s): [2552674]; free=22674MB < baseline(32030)-tol(500)=31530 (waited 93s / 120s)
    [GPU 0] waiting for idle — 1 lingering compute PID(s): [2552674]; free=22658MB < baseline(32030)-tol(500)=31530 (waited 96s / 120s)
    [GPU 0] waiting for idle — 1 lingering compute PID(s): [2552674]; free=22658MB < baseline(32030)-tol(500)=31530 (waited 99s / 120s)
    [GPU 0] waiting for idle — 1 lingering compute PID(s): [2552674]; free=22658MB < baseline(32030)-tol(500)=31530 (waited 102s / 120s)
    [GPU 0] waiting for idle — 1 lingering compute PID(s): [2552674]; free=22658MB < baseline(32030)-tol(500)=31530 (waited 105s / 120s)
    [GPU 0] waiting for idle — 1 lingering compute PID(s): [2552674]; free=22658MB < baseline(32030)-tol(500)=31530 (waited 108s / 120s)
    [GPU 0] waiting for idle — 1 lingering compute PID(s): [2552674]; free=22658MB < baseline(32030)-tol(500)=31530 (waited 111s / 120s)
    [GPU 0] waiting for idle — 1 lingering compute PID(s): [2552674]; free=22658MB < baseline(32030)-tol(500)=31530 (waited 114s / 120s)
    [GPU 0] waiting for idle — 1 lingering compute PID(s): [2552674]; free=22658MB < baseline(32030)-tol(500)=31530 (waited 117s / 120s)
    [GPU 0] waiting for idle — 1 lingering compute PID(s): [2552674]; free=22658MB < baseline(32030)-tol(500)=31530 (waited 120s / 120s)
    [GPU 0] WARNING: not idle after completion — timeout after 120s — 1 lingering compute PID(s): [2552674]; free=22658MB < baseline(32030)-tol(500)=31530
    [GPU 0] waiting for idle — 1 lingering compute PID(s): [2552674]; free=22658MB < baseline(32030)-tol(500)=31530 (waited 0s / 600s)
    [GPU 0] waiting for idle — 1 lingering compute PID(s): [2552674]; free=22656MB < baseline(32030)-tol(500)=31530 (waited 5s / 600s)
    [GPU 0] waiting for idle — 1 lingering compute PID(s): [2552674]; free=22656MB < baseline(32030)-tol(500)=31530 (waited 10s / 600s)
    [GPU 0] waiting for idle — 1 lingering compute PID(s): [2552674]; free=22656MB < baseline(32030)-tol(500)=31530 (waited 15s / 600s)
    [GPU 0] waiting for idle — 1 lingering compute PID(s): [2552674]; free=22656MB < baseline(32030)-tol(500)=31530 (waited 20s / 600s)
    [GPU 0] waiting for idle — 1 lingering compute PID(s): [2552674]; free=22656MB < baseline(32030)-tol(500)=31530 (waited 25s / 600s)
    [GPU 0] waiting for idle — 1 lingering compute PID(s): [2552674]; free=22656MB < baseline(32030)-tol(500)=31530 (waited 30s / 600s)
    [GPU 0] waiting for idle — 1 lingering compute PID(s): [2552674]; free=22656MB < baseline(32030)-tol(500)=31530 (waited 35s / 600s)
    [GPU 0] waiting for idle — 1 lingering compute PID(s): [2552674]; free=22656MB < baseline(32030)-tol(500)=31530 (waited 40s / 600s)
    [GPU 0] waiting for idle — 1 lingering compute PID(s): [2552674]; free=22656MB < baseline(32030)-tol(500)=31530 (waited 45s / 600s)
    [GPU 0] waiting for idle — 1 lingering compute PID(s): [2552674]; free=22656MB < baseline(32030)-tol(500)=31530 (waited 50s / 600s)
    [GPU 0] waiting for idle — 1 lingering compute PID(s): [2552674]; free=22656MB < baseline(32030)-tol(500)=31530 (waited 55s / 600s)
    [GPU 0] waiting for idle — 1 lingering compute PID(s): [2552674]; free=22656MB < baseline(32030)-tol(500)=31530 (waited 60s / 600s)
    [GPU 0] waiting for idle — 1 lingering compute PID(s): [2552674]; free=22656MB < baseline(32030)-tol(500)=31530 (waited 65s / 600s)
    [GPU 0] waiting for idle — 1 lingering compute PID(s): [2552674]; free=22656MB < baseline(32030)-tol(500)=31530 (waited 70s / 600s)
    [GPU 0] waiting for idle — 1 lingering compute PID(s): [2552674]; free=22656MB < baseline(32030)-tol(500)=31530 (waited 75s / 600s)
    [GPU 0] waiting for idle — 1 lingering compute PID(s): [2552674]; free=22656MB < baseline(32030)-tol(500)=31530 (waited 80s / 600s)
    [GPU 0] waiting for idle — 1 lingering compute PID(s): [2552674]; free=22656MB < baseline(32030)-tol(500)=31530 (waited 85s / 600s)
    [GPU 0] waiting for idle — 1 lingering compute PID(s): [2552674]; free=22656MB < baseline(32030)-tol(500)=31530 (waited 90s / 600s)
    [GPU 0] waiting for idle — 1 lingering compute PID(s): [2552674]; free=22656MB < baseline(32030)-tol(500)=31530 (waited 95s / 600s)
    [GPU 0] waiting for idle — 1 lingering compute PID(s): [2552674]; free=22656MB < baseline(32030)-tol(500)=31530 (waited 100s / 600s)
    [GPU 0] waiting for idle — 1 lingering compute PID(s): [2552674]; free=22656MB < baseline(32030)-tol(500)=31530 (waited 105s / 600s)
    [GPU 0] waiting for idle — 1 lingering compute PID(s): [2552674]; free=22656MB < baseline(32030)-tol(500)=31530 (waited 110s / 600s)
    [GPU 0] waiting for idle — 1 lingering compute PID(s): [2552674]; free=22656MB < baseline(32030)-tol(500)=31530 (waited 115s / 600s)
    [GPU 0] waiting for idle — 1 lingering compute PID(s): [2552674]; free=22656MB < baseline(32030)-tol(500)=31530 (waited 120s / 600s)
    [GPU 0] waiting for idle — 1 lingering compute PID(s): [2552674]; free=22656MB < baseline(32030)-tol(500)=31530 (waited 125s / 600s)
    [GPU 0] waiting for idle — 1 lingering compute PID(s): [2552674]; free=22656MB < baseline(32030)-tol(500)=31530 (waited 130s / 600s)
    [GPU 0] waiting for idle — 1 lingering compute PID(s): [2552674]; free=22656MB < baseline(32030)-tol(500)=31530 (waited 135s / 600s)
    [GPU 0] waiting for idle — 1 lingering compute PID(s): [2552674]; free=22656MB < baseline(32030)-tol(500)=31530 (waited 140s / 600s)
    [GPU 0] waiting for idle — 1 lingering compute PID(s): [2552674]; free=22656MB < baseline(32030)-tol(500)=31530 (waited 145s / 600s)
    [GPU 0] waiting for idle — 1 lingering compute PID(s): [2552674]; free=22656MB < baseline(32030)-tol(500)=31530 (waited 150s / 600s)
    [GPU 0] waiting for idle — 1 lingering compute PID(s): [2552674]; free=22656MB < baseline(32030)-tol(500)=31530 (waited 155s / 600s)
    [GPU 0] waiting for idle — 1 lingering compute PID(s): [2552674]; free=22656MB < baseline(32030)-tol(500)=31530 (waited 160s / 600s)
    [GPU 0] waiting for idle — 1 lingering compute PID(s): [2552674]; free=22656MB < baseline(32030)-tol(500)=31530 (waited 165s / 600s)
    [GPU 0] waiting for idle — 1 lingering compute PID(s): [2552674]; free=22656MB < baseline(32030)-tol(500)=31530 (waited 170s / 600s)
    [GPU 0] waiting for idle — 1 lingering compute PID(s): [2552674]; free=22656MB < baseline(32030)-tol(500)=31530 (waited 175s / 600s)
    [GPU 0] waiting for idle — 1 lingering compute PID(s): [2552674]; free=22656MB < baseline(32030)-tol(500)=31530 (waited 180s / 600s)
    [GPU 0] waiting for idle — 1 lingering compute PID(s): [2552674]; free=22656MB < baseline(32030)-tol(500)=31530 (waited 185s / 600s)
    [GPU 0] waiting for idle — 1 lingering compute PID(s): [2552674]; free=22656MB < baseline(32030)-tol(500)=31530 (waited 190s / 600s)
    [GPU 0] waiting for idle — 1 lingering compute PID(s): [2552674]; free=22656MB < baseline(32030)-tol(500)=31530 (waited 195s / 600s)
    [GPU 0] waiting for idle — 1 lingering compute PID(s): [2552674]; free=22656MB < baseline(32030)-tol(500)=31530 (waited 200s / 600s)
    [GPU 0] waiting for idle — 1 lingering compute PID(s): [2552674]; free=22656MB < baseline(32030)-tol(500)=31530 (waited 205s / 600s)
    [GPU 0] waiting for idle — 1 lingering compute PID(s): [2552674]; free=22656MB < baseline(32030)-tol(500)=31530 (waited 210s / 600s)
    [GPU 0] waiting for idle — 1 lingering compute PID(s): [2552674]; free=22656MB < baseline(32030)-tol(500)=31530 (waited 215s / 600s)
    [GPU 0] waiting for idle — 1 lingering compute PID(s): [2552674]; free=22656MB < baseline(32030)-tol(500)=31530 (waited 220s / 600s)
    [GPU 0] waiting for idle — 1 lingering compute PID(s): [2552674]; free=22656MB < baseline(32030)-tol(500)=31530 (waited 225s / 600s)
    [GPU 0] waiting for idle — 1 lingering compute PID(s): [2552674]; free=22656MB < baseline(32030)-tol(500)=31530 (waited 230s / 600s)
    [GPU 0] waiting for idle — 1 lingering compute PID(s): [2552674]; free=22656MB < baseline(32030)-tol(500)=31530 (waited 235s / 600s)
    [GPU 0] waiting for idle — 1 lingering compute PID(s): [2552674]; free=22656MB < baseline(32030)-tol(500)=31530 (waited 240s / 600s)
    [GPU 0] waiting for idle — 1 lingering compute PID(s): [2552674]; free=22656MB < baseline(32030)-tol(500)=31530 (waited 245s / 600s)
    [GPU 0] waiting for idle — 1 lingering compute PID(s): [2552674]; free=22654MB < baseline(32030)-tol(500)=31530 (waited 250s / 600s)
    [GPU 0] waiting for idle — 1 lingering compute PID(s): [2552674]; free=22654MB < baseline(32030)-tol(500)=31530 (waited 255s / 600s)
    [GPU 0] waiting for idle — 1 lingering compute PID(s): [2552674]; free=22654MB < baseline(32030)-tol(500)=31530 (waited 260s / 600s)
    [GPU 0] waiting for idle — 1 lingering compute PID(s): [2552674]; free=22654MB < baseline(32030)-tol(500)=31530 (waited 265s / 600s)
    [GPU 0] waiting for idle — 1 lingering compute PID(s): [2552674]; free=22654MB < baseline(32030)-tol(500)=31530 (waited 270s / 600s)
    [GPU 0] waiting for idle — 1 lingering compute PID(s): [2552674]; free=22654MB < baseline(32030)-tol(500)=31530 (waited 275s / 600s)
    [GPU 0] waiting for idle — 1 lingering compute PID(s): [2552674]; free=22654MB < baseline(32030)-tol(500)=31530 (waited 280s / 600s)
    [GPU 0] waiting for idle — 1 lingering compute PID(s): [2552674]; free=22654MB < baseline(32030)-tol(500)=31530 (waited 285s / 600s)
    [GPU 0] waiting for idle — 1 lingering compute PID(s): [2552674]; free=22654MB < baseline(32030)-tol(500)=31530 (waited 290s / 600s)
    [GPU 0] waiting for idle — 1 lingering compute PID(s): [2552674]; free=22654MB < baseline(32030)-tol(500)=31530 (waited 295s / 600s)
    [GPU 0] waiting for idle — 1 lingering compute PID(s): [2552674]; free=22654MB < baseline(32030)-tol(500)=31530 (waited 300s / 600s)
    [GPU 0] waiting for idle — 1 lingering compute PID(s): [2552674]; free=22654MB < baseline(32030)-tol(500)=31530 (waited 305s / 600s)
    [GPU 0] waiting for idle — 1 lingering compute PID(s): [2552674]; free=22654MB < baseline(32030)-tol(500)=31530 (waited 310s / 600s)
    [GPU 0] waiting for idle — 1 lingering compute PID(s): [2552674]; free=22654MB < baseline(32030)-tol(500)=31530 (waited 315s / 600s)
    [GPU 0] waiting for idle — 1 lingering compute PID(s): [2552674]; free=22654MB < baseline(32030)-tol(500)=31530 (waited 320s / 600s)
    [GPU 0] waiting for idle — 1 lingering compute PID(s): [2552674]; free=22654MB < baseline(32030)-tol(500)=31530 (waited 325s / 600s)
    [GPU 0] waiting for idle — 1 lingering compute PID(s): [2552674]; free=22654MB < baseline(32030)-tol(500)=31530 (waited 330s / 600s)
    [GPU 0] waiting for idle — 1 lingering compute PID(s): [2552674]; free=22654MB < baseline(32030)-tol(500)=31530 (waited 335s / 600s)
    [GPU 0] waiting for idle — 1 lingering compute PID(s): [2552674]; free=22654MB < baseline(32030)-tol(500)=31530 (waited 340s / 600s)
    [GPU 0] waiting for idle — 1 lingering compute PID(s): [2552674]; free=22654MB < baseline(32030)-tol(500)=31530 (waited 345s / 600s)
    [GPU 0] waiting for idle — 1 lingering compute PID(s): [2552674]; free=22654MB < baseline(32030)-tol(500)=31530 (waited 350s / 600s)
    [GPU 0] waiting for idle — 1 lingering compute PID(s): [2552674]; free=22654MB < baseline(32030)-tol(500)=31530 (waited 355s / 600s)
    [GPU 0] waiting for idle — 1 lingering compute PID(s): [2552674]; free=22654MB < baseline(32030)-tol(500)=31530 (waited 360s / 600s)
    [GPU 0] waiting for idle — 1 lingering compute PID(s): [2552674]; free=22654MB < baseline(32030)-tol(500)=31530 (waited 365s / 600s)
    [GPU 0] waiting for idle — 1 lingering compute PID(s): [2552674]; free=22654MB < baseline(32030)-tol(500)=31530 (waited 370s / 600s)
    [GPU 0] waiting for idle — 1 lingering compute PID(s): [2552674]; free=22654MB < baseline(32030)-tol(500)=31530 (waited 375s / 600s)
    [GPU 0] waiting for idle — 1 lingering compute PID(s): [2552674]; free=22654MB < baseline(32030)-tol(500)=31530 (waited 380s / 600s)
    [GPU 0] waiting for idle — 1 lingering compute PID(s): [2552674]; free=22654MB < baseline(32030)-tol(500)=31530 (waited 385s / 600s)
    [GPU 0] waiting for idle — 1 lingering compute PID(s): [2552674]; free=22654MB < baseline(32030)-tol(500)=31530 (waited 390s / 600s)
    [GPU 0] waiting for idle — 1 lingering compute PID(s): [2552674]; free=22654MB < baseline(32030)-tol(500)=31530 (waited 395s / 600s)
    [GPU 0] waiting for idle — 1 lingering compute PID(s): [2552674]; free=22654MB < baseline(32030)-tol(500)=31530 (waited 400s / 600s)
    [GPU 0] waiting for idle — 1 lingering compute PID(s): [2552674]; free=22654MB < baseline(32030)-tol(500)=31530 (waited 405s / 600s)
    [GPU 0] waiting for idle — 1 lingering compute PID(s): [2552674]; free=22654MB < baseline(32030)-tol(500)=31530 (waited 410s / 600s)
    [GPU 0] waiting for idle — 1 lingering compute PID(s): [2552674]; free=22654MB < baseline(32030)-tol(500)=31530 (waited 415s / 600s)
    [GPU 0] waiting for idle — 1 lingering compute PID(s): [2552674]; free=22654MB < baseline(32030)-tol(500)=31530 (waited 420s / 600s)
    [GPU 0] waiting for idle — 1 lingering compute PID(s): [2552674]; free=22654MB < baseline(32030)-tol(500)=31530 (waited 425s / 600s)
    [GPU 0] waiting for idle — 1 lingering compute PID(s): [2552674]; free=22654MB < baseline(32030)-tol(500)=31530 (waited 430s / 600s)
    [GPU 0] waiting for idle — 1 lingering compute PID(s): [2552674]; free=22654MB < baseline(32030)-tol(500)=31530 (waited 435s / 600s)
    [GPU 0] waiting for idle — 1 lingering compute PID(s): [2552674]; free=22654MB < baseline(32030)-tol(500)=31530 (waited 440s / 600s)
    [GPU 0] waiting for idle — 1 lingering compute PID(s): [2552674]; free=22654MB < baseline(32030)-tol(500)=31530 (waited 445s / 600s)
    [GPU 0] waiting for idle — 1 lingering compute PID(s): [2552674]; free=22654MB < baseline(32030)-tol(500)=31530 (waited 450s / 600s)
    [GPU 0] waiting for idle — 1 lingering compute PID(s): [2552674]; free=22654MB < baseline(32030)-tol(500)=31530 (waited 455s / 600s)
    [GPU 0] waiting for idle — 1 lingering compute PID(s): [2552674]; free=22654MB < baseline(32030)-tol(500)=31530 (waited 460s / 600s)
    [GPU 0] waiting for idle — 1 lingering compute PID(s): [2552674]; free=22654MB < baseline(32030)-tol(500)=31530 (waited 465s / 600s)
    [GPU 0] waiting for idle — 1 lingering compute PID(s): [2552674]; free=22654MB < baseline(32030)-tol(500)=31530 (waited 470s / 600s)
    [GPU 0] waiting for idle — 1 lingering compute PID(s): [2552674]; free=22654MB < baseline(32030)-tol(500)=31530 (waited 475s / 600s)
    [GPU 0] waiting for idle — 1 lingering compute PID(s): [2552674]; free=22654MB < baseline(32030)-tol(500)=31530 (waited 480s / 600s)
    [GPU 0] waiting for idle — 1 lingering compute PID(s): [2552674]; free=22654MB < baseline(32030)-tol(500)=31530 (waited 485s / 600s)
    [GPU 0] waiting for idle — 1 lingering compute PID(s): [2552674]; free=22654MB < baseline(32030)-tol(500)=31530 (waited 490s / 600s)
    [GPU 0] waiting for idle — 1 lingering compute PID(s): [2552674]; free=22654MB < baseline(32030)-tol(500)=31530 (waited 495s / 600s)
    [GPU 0] waiting for idle — 1 lingering compute PID(s): [2552674]; free=22654MB < baseline(32030)-tol(500)=31530 (waited 500s / 600s)
    [GPU 0] waiting for idle — 1 lingering compute PID(s): [2552674]; free=22654MB < baseline(32030)-tol(500)=31530 (waited 505s / 600s)
    [GPU 0] waiting for idle — 1 lingering compute PID(s): [2552674]; free=22654MB < baseline(32030)-tol(500)=31530 (waited 510s / 600s)
    [GPU 0] waiting for idle — 1 lingering compute PID(s): [2552674]; free=22654MB < baseline(32030)-tol(500)=31530 (waited 515s / 600s)
    [GPU 0] waiting for idle — 1 lingering compute PID(s): [2552674]; free=22654MB < baseline(32030)-tol(500)=31530 (waited 520s / 600s)
    [GPU 0] waiting for idle — 1 lingering compute PID(s): [2552674]; free=22654MB < baseline(32030)-tol(500)=31530 (waited 525s / 600s)
    [GPU 0] waiting for idle — 1 lingering compute PID(s): [2552674]; free=22654MB < baseline(32030)-tol(500)=31530 (waited 530s / 600s)
    [GPU 0] waiting for idle — 1 lingering compute PID(s): [2552674]; free=22654MB < baseline(32030)-tol(500)=31530 (waited 535s / 600s)
    [GPU 0] waiting for idle — 1 lingering compute PID(s): [2552674]; free=22654MB < baseline(32030)-tol(500)=31530 (waited 540s / 600s)
    [GPU 0] waiting for idle — 1 lingering compute PID(s): [2552674]; free=22654MB < baseline(32030)-tol(500)=31530 (waited 545s / 600s)
    [GPU 0] waiting for idle — 1 lingering compute PID(s): [2552674]; free=22654MB < baseline(32030)-tol(500)=31530 (waited 550s / 600s)
    [GPU 0] waiting for idle — 1 lingering compute PID(s): [2552674]; free=22654MB < baseline(32030)-tol(500)=31530 (waited 555s / 600s)
    [GPU 0] waiting for idle — 1 lingering compute PID(s): [2552674]; free=22654MB < baseline(32030)-tol(500)=31530 (waited 560s / 600s)
    [GPU 0] waiting for idle — 1 lingering compute PID(s): [2552674]; free=22654MB < baseline(32030)-tol(500)=31530 (waited 565s / 600s)
    [GPU 0] waiting for idle — 1 lingering compute PID(s): [2552674]; free=22654MB < baseline(32030)-tol(500)=31530 (waited 570s / 600s)
    [GPU 0] waiting for idle — 1 lingering compute PID(s): [2552674]; free=22654MB < baseline(32030)-tol(500)=31530 (waited 575s / 600s)
    [GPU 0] waiting for idle — 1 lingering compute PID(s): [2552674]; free=22654MB < baseline(32030)-tol(500)=31530 (waited 580s / 600s)
    [GPU 0] waiting for idle — 1 lingering compute PID(s): [2552674]; free=22654MB < baseline(32030)-tol(500)=31530 (waited 585s / 600s)
    [GPU 0] waiting for idle — 1 lingering compute PID(s): [2552674]; free=22654MB < baseline(32030)-tol(500)=31530 (waited 590s / 600s)
    [GPU 0] waiting for idle — 1 lingering compute PID(s): [2552674]; free=22654MB < baseline(32030)-tol(500)=31530 (waited 595s / 600s)
    [GPU 0] waiting for idle — 1 lingering compute PID(s): [2552674]; free=22654MB < baseline(32030)-tol(500)=31530 (waited 600s / 600s)
  [GPU 0] SKIPPING S15_s8_seed2024: timeout after 600s — 1 lingering compute PID(s): [2552674]; free=22654MB < baseline(32030)-tol(500)=31530
  [5/8] [GPU 0] S15_s8_seed2024: SKIPPED (pre-flight)
    [GPU 0] waiting for idle — 1 lingering compute PID(s): [2552674]; free=22654MB < baseline(32030)-tol(500)=31530 (waited 0s / 600s)
    [GPU 0] waiting for idle — 1 lingering compute PID(s): [2552674]; free=22654MB < baseline(32030)-tol(500)=31530 (waited 5s / 600s)
    [GPU 0] waiting for idle — 1 lingering compute PID(s): [2552674]; free=22654MB < baseline(32030)-tol(500)=31530 (waited 10s / 600s)
    [GPU 0] waiting for idle — 1 lingering compute PID(s): [2552674]; free=22654MB < baseline(32030)-tol(500)=31530 (waited 15s / 600s)
    [GPU 0] waiting for idle — 1 lingering compute PID(s): [2552674]; free=22654MB < baseline(32030)-tol(500)=31530 (waited 20s / 600s)
    [GPU 0] waiting for idle — 1 lingering compute PID(s): [2552674]; free=22654MB < baseline(32030)-tol(500)=31530 (waited 25s / 600s)
    [GPU 0] waiting for idle — 1 lingering compute PID(s): [2552674]; free=22654MB < baseline(32030)-tol(500)=31530 (waited 30s / 600s)
    [GPU 0] waiting for idle — 1 lingering compute PID(s): [2552674]; free=22654MB < baseline(32030)-tol(500)=31530 (waited 35s / 600s)
    [GPU 0] waiting for idle — 1 lingering compute PID(s): [2552674]; free=22654MB < baseline(32030)-tol(500)=31530 (waited 40s / 600s)
    [GPU 0] waiting for idle — 1 lingering compute PID(s): [2552674]; free=22652MB < baseline(32030)-tol(500)=31530 (waited 45s / 600s)
    [GPU 0] waiting for idle — 1 lingering compute PID(s): [2552674]; free=22652MB < baseline(32030)-tol(500)=31530 (waited 50s / 600s)
    [GPU 0] waiting for idle — 1 lingering compute PID(s): [2552674]; free=22652MB < baseline(32030)-tol(500)=31530 (waited 55s / 600s)
    [GPU 0] waiting for idle — 1 lingering compute PID(s): [2552674]; free=22652MB < baseline(32030)-tol(500)=31530 (waited 60s / 600s)
    [GPU 0] waiting for idle — 1 lingering compute PID(s): [2552674]; free=22652MB < baseline(32030)-tol(500)=31530 (waited 65s / 600s)
    [GPU 0] waiting for idle — 1 lingering compute PID(s): [2552674]; free=22652MB < baseline(32030)-tol(500)=31530 (waited 70s / 600s)
    [GPU 0] waiting for idle — 1 lingering compute PID(s): [2552674]; free=22652MB < baseline(32030)-tol(500)=31530 (waited 75s / 600s)
    [GPU 0] waiting for idle — 1 lingering compute PID(s): [2552674]; free=22652MB < baseline(32030)-tol(500)=31530 (waited 80s / 600s)
    [GPU 0] waiting for idle — 1 lingering compute PID(s): [2552674]; free=22652MB < baseline(32030)-tol(500)=31530 (waited 85s / 600s)
    [GPU 0] waiting for idle — 1 lingering compute PID(s): [2552674]; free=22652MB < baseline(32030)-tol(500)=31530 (waited 90s / 600s)
    [GPU 0] waiting for idle — 1 lingering compute PID(s): [2552674]; free=22652MB < baseline(32030)-tol(500)=31530 (waited 95s / 600s)
    [GPU 0] waiting for idle — 1 lingering compute PID(s): [2552674]; free=22652MB < baseline(32030)-tol(500)=31530 (waited 100s / 600s)
    [GPU 0] waiting for idle — 1 lingering compute PID(s): [2552674]; free=22652MB < baseline(32030)-tol(500)=31530 (waited 105s / 600s)
    [GPU 0] waiting for idle — 1 lingering compute PID(s): [2552674]; free=22652MB < baseline(32030)-tol(500)=31530 (waited 110s / 600s)
    [GPU 0] waiting for idle — 1 lingering compute PID(s): [2552674]; free=22652MB < baseline(32030)-tol(500)=31530 (waited 115s / 600s)
    [GPU 0] waiting for idle — 1 lingering compute PID(s): [2552674]; free=22652MB < baseline(32030)-tol(500)=31530 (waited 120s / 600s)
    [GPU 0] waiting for idle — 1 lingering compute PID(s): [2552674]; free=22652MB < baseline(32030)-tol(500)=31530 (waited 125s / 600s)
    [GPU 0] waiting for idle — 1 lingering compute PID(s): [2552674]; free=30036MB < baseline(32030)-tol(500)=31530 (waited 130s / 600s)
    [GPU 0] waiting for idle — 1 lingering compute PID(s): [2552674]; free=26432MB < baseline(32030)-tol(500)=31530 (waited 135s / 600s)
    [GPU 0] waiting for idle — 1 lingering compute PID(s): [2552674]; free=26428MB < baseline(32030)-tol(500)=31530 (waited 140s / 600s)
    [GPU 0] waiting for idle — 1 lingering compute PID(s): [2552674]; free=26412MB < baseline(32030)-tol(500)=31530 (waited 145s / 600s)
    [GPU 0] waiting for idle — 1 lingering compute PID(s): [2552674]; free=26398MB < baseline(32030)-tol(500)=31530 (waited 150s / 600s)
    [GPU 0] waiting for idle — 1 lingering compute PID(s): [2552674]; free=26398MB < baseline(32030)-tol(500)=31530 (waited 155s / 600s)
    [GPU 0] waiting for idle — 1 lingering compute PID(s): [2552674]; free=26378MB < baseline(32030)-tol(500)=31530 (waited 160s / 600s)
    [GPU 0] waiting for idle — 1 lingering compute PID(s): [2552674]; free=26378MB < baseline(32030)-tol(500)=31530 (waited 165s / 600s)
    [GPU 0] waiting for idle — 1 lingering compute PID(s): [2552674]; free=26378MB < baseline(32030)-tol(500)=31530 (waited 170s / 600s)
    [GPU 0] waiting for idle — 1 lingering compute PID(s): [2552674]; free=26378MB < baseline(32030)-tol(500)=31530 (waited 175s / 600s)
    [GPU 0] waiting for idle — 1 lingering compute PID(s): [2552674]; free=26378MB < baseline(32030)-tol(500)=31530 (waited 180s / 600s)
    [GPU 0] waiting for idle — 1 lingering compute PID(s): [2552674]; free=26378MB < baseline(32030)-tol(500)=31530 (waited 185s / 600s)
    [GPU 0] waiting for idle — 1 lingering compute PID(s): [2552674]; free=26378MB < baseline(32030)-tol(500)=31530 (waited 190s / 600s)
    [GPU 0] waiting for idle — 1 lingering compute PID(s): [2552674]; free=26378MB < baseline(32030)-tol(500)=31530 (waited 195s / 600s)
    [GPU 0] waiting for idle — 1 lingering compute PID(s): [2552674]; free=26378MB < baseline(32030)-tol(500)=31530 (waited 200s / 600s)
    [GPU 0] waiting for idle — 1 lingering compute PID(s): [2552674]; free=26378MB < baseline(32030)-tol(500)=31530 (waited 205s / 600s)
    [GPU 0] waiting for idle — 1 lingering compute PID(s): [2552674]; free=26378MB < baseline(32030)-tol(500)=31530 (waited 210s / 600s)
    [GPU 0] waiting for idle — 1 lingering compute PID(s): [2552674]; free=26378MB < baseline(32030)-tol(500)=31530 (waited 215s / 600s)
    [GPU 0] waiting for idle — 1 lingering compute PID(s): [2552674]; free=26378MB < baseline(32030)-tol(500)=31530 (waited 220s / 600s)
    [GPU 0] waiting for idle — 1 lingering compute PID(s): [2552674]; free=26378MB < baseline(32030)-tol(500)=31530 (waited 225s / 600s)
    [GPU 0] waiting for idle — 1 lingering compute PID(s): [2552674]; free=26378MB < baseline(32030)-tol(500)=31530 (waited 230s / 600s)
    [GPU 0] waiting for idle — 1 lingering compute PID(s): [2552674]; free=26378MB < baseline(32030)-tol(500)=31530 (waited 235s / 600s)
    [GPU 0] waiting for idle — 1 lingering compute PID(s): [2552674]; free=26378MB < baseline(32030)-tol(500)=31530 (waited 240s / 600s)
    [GPU 0] waiting for idle — 1 lingering compute PID(s): [2552674]; free=26378MB < baseline(32030)-tol(500)=31530 (waited 245s / 600s)
    [GPU 0] waiting for idle — 1 lingering compute PID(s): [2552674]; free=26378MB < baseline(32030)-tol(500)=31530 (waited 250s / 600s)
    [GPU 0] waiting for idle — 1 lingering compute PID(s): [2552674]; free=26378MB < baseline(32030)-tol(500)=31530 (waited 255s / 600s)
    [GPU 0] waiting for idle — 1 lingering compute PID(s): [2552674]; free=26378MB < baseline(32030)-tol(500)=31530 (waited 260s / 600s)
    [GPU 0] waiting for idle — 1 lingering compute PID(s): [2552674]; free=26378MB < baseline(32030)-tol(500)=31530 (waited 265s / 600s)
    [GPU 0] waiting for idle — 1 lingering compute PID(s): [2552674]; free=24550MB < baseline(32030)-tol(500)=31530 (waited 270s / 600s)
    [GPU 0] waiting for idle — 1 lingering compute PID(s): [2552674]; free=24538MB < baseline(32030)-tol(500)=31530 (waited 275s / 600s)
    [GPU 0] waiting for idle — 1 lingering compute PID(s): [2552674]; free=23416MB < baseline(32030)-tol(500)=31530 (waited 280s / 600s)
    [GPU 0] waiting for idle — 1 lingering compute PID(s): [2552674]; free=23416MB < baseline(32030)-tol(500)=31530 (waited 285s / 600s)
    [GPU 0] waiting for idle — 1 lingering compute PID(s): [2552674]; free=23416MB < baseline(32030)-tol(500)=31530 (waited 290s / 600s)
    [GPU 0] waiting for idle — 1 lingering compute PID(s): [2552674]; free=23394MB < baseline(32030)-tol(500)=31530 (waited 295s / 600s)
    [GPU 0] waiting for idle — 1 lingering compute PID(s): [2552674]; free=23394MB < baseline(32030)-tol(500)=31530 (waited 300s / 600s)
    [GPU 0] waiting for idle — 1 lingering compute PID(s): [2552674]; free=23394MB < baseline(32030)-tol(500)=31530 (waited 305s / 600s)
    [GPU 0] waiting for idle — 1 lingering compute PID(s): [2552674]; free=23394MB < baseline(32030)-tol(500)=31530 (waited 310s / 600s)
    [GPU 0] waiting for idle — 1 lingering compute PID(s): [2552674]; free=23394MB < baseline(32030)-tol(500)=31530 (waited 315s / 600s)
    [GPU 0] waiting for idle — 1 lingering compute PID(s): [2552674]; free=23394MB < baseline(32030)-tol(500)=31530 (waited 320s / 600s)
    [GPU 0] waiting for idle — 1 lingering compute PID(s): [2552674]; free=23394MB < baseline(32030)-tol(500)=31530 (waited 325s / 600s)
    [GPU 0] waiting for idle — 1 lingering compute PID(s): [2552674]; free=23394MB < baseline(32030)-tol(500)=31530 (waited 330s / 600s)
    [GPU 0] waiting for idle — 1 lingering compute PID(s): [2552674]; free=23392MB < baseline(32030)-tol(500)=31530 (waited 335s / 600s)
    [GPU 0] waiting for idle — 1 lingering compute PID(s): [2552674]; free=23392MB < baseline(32030)-tol(500)=31530 (waited 340s / 600s)
    [GPU 0] waiting for idle — 1 lingering compute PID(s): [2552674]; free=23392MB < baseline(32030)-tol(500)=31530 (waited 345s / 600s)
    [GPU 0] waiting for idle — 1 lingering compute PID(s): [2552674]; free=23392MB < baseline(32030)-tol(500)=31530 (waited 350s / 600s)
    [GPU 0] waiting for idle — 1 lingering compute PID(s): [2552674]; free=23392MB < baseline(32030)-tol(500)=31530 (waited 355s / 600s)
    [GPU 0] waiting for idle — 1 lingering compute PID(s): [2552674]; free=23392MB < baseline(32030)-tol(500)=31530 (waited 360s / 600s)
    [GPU 0] waiting for idle — 1 lingering compute PID(s): [2552674]; free=23392MB < baseline(32030)-tol(500)=31530 (waited 365s / 600s)
    [GPU 0] waiting for idle — 1 lingering compute PID(s): [2552674]; free=23392MB < baseline(32030)-tol(500)=31530 (waited 370s / 600s)
    [GPU 0] waiting for idle — 1 lingering compute PID(s): [2552674]; free=23392MB < baseline(32030)-tol(500)=31530 (waited 375s / 600s)
    [GPU 0] waiting for idle — 1 lingering compute PID(s): [2552674]; free=23392MB < baseline(32030)-tol(500)=31530 (waited 380s / 600s)
    [GPU 0] waiting for idle — 1 lingering compute PID(s): [2552674]; free=23392MB < baseline(32030)-tol(500)=31530 (waited 385s / 600s)
    [GPU 0] waiting for idle — 1 lingering compute PID(s): [2552674]; free=23392MB < baseline(32030)-tol(500)=31530 (waited 390s / 600s)
    [GPU 0] waiting for idle — 1 lingering compute PID(s): [2552674]; free=23392MB < baseline(32030)-tol(500)=31530 (waited 395s / 600s)
    [GPU 0] waiting for idle — 1 lingering compute PID(s): [2552674]; free=23392MB < baseline(32030)-tol(500)=31530 (waited 400s / 600s)
    [GPU 0] waiting for idle — 1 lingering compute PID(s): [2552674]; free=23392MB < baseline(32030)-tol(500)=31530 (waited 405s / 600s)
    [GPU 0] waiting for idle — 1 lingering compute PID(s): [2552674]; free=23392MB < baseline(32030)-tol(500)=31530 (waited 410s / 600s)
    [GPU 0] waiting for idle — 1 lingering compute PID(s): [2552674]; free=23392MB < baseline(32030)-tol(500)=31530 (waited 415s / 600s)
    [GPU 0] waiting for idle — 1 lingering compute PID(s): [2552674]; free=23392MB < baseline(32030)-tol(500)=31530 (waited 420s / 600s)
    [GPU 0] waiting for idle — 1 lingering compute PID(s): [2552674]; free=23392MB < baseline(32030)-tol(500)=31530 (waited 425s / 600s)
    [GPU 0] waiting for idle — 1 lingering compute PID(s): [2552674]; free=23392MB < baseline(32030)-tol(500)=31530 (waited 430s / 600s)
    [GPU 0] waiting for idle — 1 lingering compute PID(s): [2552674]; free=23392MB < baseline(32030)-tol(500)=31530 (waited 435s / 600s)
    [GPU 0] waiting for idle — 1 lingering compute PID(s): [2552674]; free=23392MB < baseline(32030)-tol(500)=31530 (waited 440s / 600s)
    [GPU 0] waiting for idle — 1 lingering compute PID(s): [2552674]; free=23392MB < baseline(32030)-tol(500)=31530 (waited 445s / 600s)
    [GPU 0] waiting for idle — 1 lingering compute PID(s): [2552674]; free=23392MB < baseline(32030)-tol(500)=31530 (waited 450s / 600s)
    [GPU 0] waiting for idle — 1 lingering compute PID(s): [2552674]; free=23392MB < baseline(32030)-tol(500)=31530 (waited 455s / 600s)
    [GPU 0] waiting for idle — 1 lingering compute PID(s): [2552674]; free=23392MB < baseline(32030)-tol(500)=31530 (waited 460s / 600s)
    [GPU 0] waiting for idle — 1 lingering compute PID(s): [2552674]; free=23392MB < baseline(32030)-tol(500)=31530 (waited 465s / 600s)
    [GPU 0] waiting for idle — 1 lingering compute PID(s): [2552674]; free=23392MB < baseline(32030)-tol(500)=31530 (waited 470s / 600s)
    [GPU 0] waiting for idle — 1 lingering compute PID(s): [2552674]; free=23392MB < baseline(32030)-tol(500)=31530 (waited 475s / 600s)
    [GPU 0] waiting for idle — 1 lingering compute PID(s): [2552674]; free=23392MB < baseline(32030)-tol(500)=31530 (waited 480s / 600s)
    [GPU 0] waiting for idle — 1 lingering compute PID(s): [2552674]; free=23392MB < baseline(32030)-tol(500)=31530 (waited 485s / 600s)
    [GPU 0] waiting for idle — 1 lingering compute PID(s): [2552674]; free=23392MB < baseline(32030)-tol(500)=31530 (waited 490s / 600s)
    [GPU 0] waiting for idle — 1 lingering compute PID(s): [2552674]; free=23392MB < baseline(32030)-tol(500)=31530 (waited 495s / 600s)
    [GPU 0] waiting for idle — 1 lingering compute PID(s): [2552674]; free=23392MB < baseline(32030)-tol(500)=31530 (waited 500s / 600s)
    [GPU 0] waiting for idle — 1 lingering compute PID(s): [2552674]; free=23392MB < baseline(32030)-tol(500)=31530 (waited 505s / 600s)
    [GPU 0] waiting for idle — 1 lingering compute PID(s): [2552674]; free=23392MB < baseline(32030)-tol(500)=31530 (waited 510s / 600s)
    [GPU 0] waiting for idle — 1 lingering compute PID(s): [2552674]; free=23392MB < baseline(32030)-tol(500)=31530 (waited 515s / 600s)
    [GPU 0] waiting for idle — 1 lingering compute PID(s): [2552674]; free=23392MB < baseline(32030)-tol(500)=31530 (waited 520s / 600s)
    [GPU 0] waiting for idle — 1 lingering compute PID(s): [2552674]; free=23392MB < baseline(32030)-tol(500)=31530 (waited 525s / 600s)
    [GPU 0] waiting for idle — 1 lingering compute PID(s): [2552674]; free=23392MB < baseline(32030)-tol(500)=31530 (waited 530s / 600s)
    [GPU 0] waiting for idle — 1 lingering compute PID(s): [2552674]; free=23392MB < baseline(32030)-tol(500)=31530 (waited 535s / 600s)
    [GPU 0] waiting for idle — 1 lingering compute PID(s): [2552674]; free=23392MB < baseline(32030)-tol(500)=31530 (waited 540s / 600s)
    [GPU 0] waiting for idle — 1 lingering compute PID(s): [2552674]; free=23392MB < baseline(32030)-tol(500)=31530 (waited 545s / 600s)
    [GPU 0] waiting for idle — 1 lingering compute PID(s): [2552674]; free=23392MB < baseline(32030)-tol(500)=31530 (waited 550s / 600s)
    [GPU 0] waiting for idle — 1 lingering compute PID(s): [2552674]; free=23392MB < baseline(32030)-tol(500)=31530 (waited 555s / 600s)
    [GPU 0] waiting for idle — 1 lingering compute PID(s): [2552674]; free=23392MB < baseline(32030)-tol(500)=31530 (waited 560s / 600s)
    [GPU 0] waiting for idle — 1 lingering compute PID(s): [2552674]; free=23392MB < baseline(32030)-tol(500)=31530 (waited 565s / 600s)
    [GPU 0] waiting for idle — 1 lingering compute PID(s): [2552674]; free=23392MB < baseline(32030)-tol(500)=31530 (waited 570s / 600s)
    [GPU 0] waiting for idle — 1 lingering compute PID(s): [2552674]; free=23392MB < baseline(32030)-tol(500)=31530 (waited 575s / 600s)
    [GPU 0] waiting for idle — 1 lingering compute PID(s): [2552674]; free=23392MB < baseline(32030)-tol(500)=31530 (waited 580s / 600s)
    [GPU 0] waiting for idle — 1 lingering compute PID(s): [2552674]; free=23392MB < baseline(32030)-tol(500)=31530 (waited 585s / 600s)
    [GPU 0] waiting for idle — 1 lingering compute PID(s): [2552674]; free=23392MB < baseline(32030)-tol(500)=31530 (waited 590s / 600s)
    [GPU 0] waiting for idle — 1 lingering compute PID(s): [2552674]; free=23392MB < baseline(32030)-tol(500)=31530 (waited 595s / 600s)
    [GPU 0] waiting for idle — 1 lingering compute PID(s): [2552674]; free=23392MB < baseline(32030)-tol(500)=31530 (waited 600s / 600s)
  [GPU 0] SKIPPING S16_mosaic_both: timeout after 600s — 1 lingering compute PID(s): [2552674]; free=23392MB < baseline(32030)-tol(500)=31530
  [6/8] [GPU 0] S16_mosaic_both: SKIPPED (pre-flight)
    [GPU 0] waiting for idle — 1 lingering compute PID(s): [2552674]; free=23392MB < baseline(32030)-tol(500)=31530 (waited 0s / 600s)
    [GPU 0] waiting for idle — 1 lingering compute PID(s): [2552674]; free=23392MB < baseline(32030)-tol(500)=31530 (waited 5s / 600s)
    [GPU 0] waiting for idle — 1 lingering compute PID(s): [2552674]; free=23392MB < baseline(32030)-tol(500)=31530 (waited 10s / 600s)
    [GPU 0] waiting for idle — 1 lingering compute PID(s): [2552674]; free=23392MB < baseline(32030)-tol(500)=31530 (waited 15s / 600s)
    [GPU 0] waiting for idle — 1 lingering compute PID(s): [2552674]; free=23392MB < baseline(32030)-tol(500)=31530 (waited 20s / 600s)
    [GPU 0] waiting for idle — 1 lingering compute PID(s): [2552674]; free=23392MB < baseline(32030)-tol(500)=31530 (waited 25s / 600s)
    [GPU 0] waiting for idle — 1 lingering compute PID(s): [2552674]; free=23392MB < baseline(32030)-tol(500)=31530 (waited 30s / 600s)
    [GPU 0] waiting for idle — 1 lingering compute PID(s): [2552674]; free=23392MB < baseline(32030)-tol(500)=31530 (waited 35s / 600s)
    [GPU 0] waiting for idle — 1 lingering compute PID(s): [2552674]; free=23392MB < baseline(32030)-tol(500)=31530 (waited 40s / 600s)
    [GPU 0] waiting for idle — 1 lingering compute PID(s): [2552674]; free=23392MB < baseline(32030)-tol(500)=31530 (waited 45s / 600s)
    [GPU 0] waiting for idle — 1 lingering compute PID(s): [2552674]; free=23392MB < baseline(32030)-tol(500)=31530 (waited 50s / 600s)
    [GPU 0] waiting for idle — 1 lingering compute PID(s): [2552674]; free=23392MB < baseline(32030)-tol(500)=31530 (waited 55s / 600s)
    [GPU 0] waiting for idle — 1 lingering compute PID(s): [2552674]; free=23392MB < baseline(32030)-tol(500)=31530 (waited 60s / 600s)
    [GPU 0] waiting for idle — 1 lingering compute PID(s): [2552674]; free=23392MB < baseline(32030)-tol(500)=31530 (waited 65s / 600s)
    [GPU 0] waiting for idle — 1 lingering compute PID(s): [2552674]; free=23392MB < baseline(32030)-tol(500)=31530 (waited 70s / 600s)
    [GPU 0] waiting for idle — 1 lingering compute PID(s): [2552674]; free=23392MB < baseline(32030)-tol(500)=31530 (waited 75s / 600s)
    [GPU 0] waiting for idle — 1 lingering compute PID(s): [2552674]; free=23392MB < baseline(32030)-tol(500)=31530 (waited 80s / 600s)
    [GPU 0] waiting for idle — 1 lingering compute PID(s): [2552674]; free=23392MB < baseline(32030)-tol(500)=31530 (waited 85s / 600s)
    [GPU 0] waiting for idle — 1 lingering compute PID(s): [2552674]; free=23392MB < baseline(32030)-tol(500)=31530 (waited 90s / 600s)
    [GPU 0] waiting for idle — 1 lingering compute PID(s): [2552674]; free=23392MB < baseline(32030)-tol(500)=31530 (waited 95s / 600s)
    [GPU 0] waiting for idle — 1 lingering compute PID(s): [2552674]; free=23392MB < baseline(32030)-tol(500)=31530 (waited 100s / 600s)
    [GPU 0] waiting for idle — 1 lingering compute PID(s): [2552674]; free=23392MB < baseline(32030)-tol(500)=31530 (waited 105s / 600s)
    [GPU 0] waiting for idle — 1 lingering compute PID(s): [2552674]; free=23392MB < baseline(32030)-tol(500)=31530 (waited 110s / 600s)
    [GPU 0] waiting for idle — 1 lingering compute PID(s): [2552674]; free=23392MB < baseline(32030)-tol(500)=31530 (waited 115s / 600s)
    [GPU 0] waiting for idle — 1 lingering compute PID(s): [2552674]; free=23392MB < baseline(32030)-tol(500)=31530 (waited 120s / 600s)
    [GPU 0] waiting for idle — 1 lingering compute PID(s): [2552674]; free=23392MB < baseline(32030)-tol(500)=31530 (waited 125s / 600s)
    [GPU 0] waiting for idle — 1 lingering compute PID(s): [2552674]; free=23392MB < baseline(32030)-tol(500)=31530 (waited 130s / 600s)
    [GPU 0] waiting for idle — 1 lingering compute PID(s): [2552674]; free=23392MB < baseline(32030)-tol(500)=31530 (waited 135s / 600s)
    [GPU 0] waiting for idle — 1 lingering compute PID(s): [2552674]; free=23392MB < baseline(32030)-tol(500)=31530 (waited 140s / 600s)
    [GPU 0] waiting for idle — 1 lingering compute PID(s): [2552674]; free=23392MB < baseline(32030)-tol(500)=31530 (waited 145s / 600s)
    [GPU 0] waiting for idle — 1 lingering compute PID(s): [2552674]; free=23392MB < baseline(32030)-tol(500)=31530 (waited 150s / 600s)
    [GPU 0] waiting for idle — 1 lingering compute PID(s): [2552674]; free=23392MB < baseline(32030)-tol(500)=31530 (waited 155s / 600s)
    [GPU 0] waiting for idle — 1 lingering compute PID(s): [2552674]; free=23392MB < baseline(32030)-tol(500)=31530 (waited 160s / 600s)
    [GPU 0] waiting for idle — 1 lingering compute PID(s): [2552674]; free=23392MB < baseline(32030)-tol(500)=31530 (waited 165s / 600s)
    [GPU 0] waiting for idle — 1 lingering compute PID(s): [2552674]; free=23392MB < baseline(32030)-tol(500)=31530 (waited 170s / 600s)
    [GPU 0] waiting for idle — 1 lingering compute PID(s): [2552674]; free=23392MB < baseline(32030)-tol(500)=31530 (waited 175s / 600s)
    [GPU 0] waiting for idle — 1 lingering compute PID(s): [2552674]; free=23392MB < baseline(32030)-tol(500)=31530 (waited 180s / 600s)
    [GPU 0] waiting for idle — 1 lingering compute PID(s): [2552674]; free=23392MB < baseline(32030)-tol(500)=31530 (waited 185s / 600s)
    [GPU 0] waiting for idle — 1 lingering compute PID(s): [2552674]; free=23392MB < baseline(32030)-tol(500)=31530 (waited 190s / 600s)
    [GPU 0] waiting for idle — 1 lingering compute PID(s): [2552674]; free=23392MB < baseline(32030)-tol(500)=31530 (waited 195s / 600s)
    [GPU 0] waiting for idle — 1 lingering compute PID(s): [2552674]; free=23392MB < baseline(32030)-tol(500)=31530 (waited 200s / 600s)
    [GPU 0] waiting for idle — 1 lingering compute PID(s): [2552674]; free=29786MB < baseline(32030)-tol(500)=31530 (waited 205s / 600s)
    [GPU 0] waiting for idle — 1 lingering compute PID(s): [2552674]; free=26182MB < baseline(32030)-tol(500)=31530 (waited 210s / 600s)
  Launched S17_mosaic_crop_1024 on GPU 0 (PID 2568525, free=32078MB, baseline=32030MB, log: /home/c504-5090-x2/Documents/repos/angiography_vqa/arcade_experiments/results/stenosis_strategies/S17_mosaic_crop_1024/worker.log)
  [7/8] [GPU 1] S15_s8_seed7: OK
    [GPU 1] released: idle (free=32095MB)
  [8/8] [GPU 0] S17_mosaic_crop_1024: OK
    [GPU 0] released: idle (free=32078MB)

====================================================================================================
STENOSIS IMPROVEMENT STRATEGIES — COMPARISON
====================================================================================================

Name                         Status    Hours    mAP50       F1   Syn mAP   Sten AP   Sten F1
----------------------------------------------------------------------------------------------------
S11_stenosis_1024            OK          1.4   0.7162   0.7050    0.7491    0.3207    0.3962
S12_stenosis_yolo11l         OK          1.5   0.7199   0.7096    0.7491    0.3694    0.4548
S15_s8_seed42                OK          1.2   0.7203   0.7095    0.7491    0.3744    0.4469
S13_mixup_mosaic_stack       OK          1.2   0.7174   0.7069    0.7491    0.3367    0.4144
S15_s8_seed2024              FAIL        0.0        —        —         —         —         —
S16_mosaic_both              FAIL        0.0        —        —         —         —         —
S15_s8_seed7                 OK          0.5   0.6977   0.6947    0.7297    0.3138    0.3953
S17_mosaic_crop_1024         OK          0.8   0.4631   0.4970    0.4675    0.3541    0.3946

====================================================================================================
PER-CLASS F1 (Test)
====================================================================================================
Name                                1       10      10a       11       12      12a      12b       13       14      14a      14b       15       16      16a      16b      16c        2        3        4        5        6        7        8        9       9a stenosis
----------------------------------------------------------------------------------------------------------------------------------------------------------------------------------------------------------------------------------------------------------------------
S11_stenosis_1024              0.8775   0.0000   0.0000   0.8628   0.0000   0.0000   0.0000   0.5575   0.0000   0.0000   0.0000   0.0000   0.6260   0.0000   0.0000   0.0000   0.7787   0.7997   0.7600   0.8262   0.7669   0.7165   0.7056   0.4227   0.0000   0.3962
S12_stenosis_yolo11l           0.8775   0.0000   0.0000   0.8628   0.0000   0.0000   0.0000   0.5575   0.0000   0.0000   0.0000   0.0000   0.6260   0.0000   0.0000   0.0000   0.7787   0.7997   0.7600   0.8262   0.7669   0.7165   0.7056   0.4227   0.0000   0.4548
S15_s8_seed42                  0.8775   0.0000   0.0000   0.8628   0.0000   0.0000   0.0000   0.5575   0.0000   0.0000   0.0000   0.0000   0.6260   0.0000   0.0000   0.0000   0.7787   0.7997   0.7600   0.8262   0.7669   0.7165   0.7056   0.4227   0.0000   0.4469
S13_mixup_mosaic_stack         0.8775   0.0000   0.0000   0.8628   0.0000   0.0000   0.0000   0.5575   0.0000   0.0000   0.0000   0.0000   0.6260   0.0000   0.0000   0.0000   0.7787   0.7997   0.7600   0.8262   0.7669   0.7165   0.7056   0.4227   0.0000   0.4144
S15_s8_seed7                   0.7926   0.0000   0.0000   0.8330   0.0000   0.0000   0.0000   0.5553   0.0000   0.0000   0.0000   0.0000   0.5625   0.0000   0.0000   0.0000   0.6864   0.7618   0.7523   0.8712   0.7682   0.7401   0.7719   0.5165   0.0000   0.3953
S17_mosaic_crop_1024           0.8033   0.4319   0.0000   0.7926   0.2421   0.2718   0.3629   0.4253   0.4036   0.2097   0.0876   0.1410   0.5865   0.3610   0.3164   0.1567   0.7355   0.8170   0.7104   0.8911   0.8002   0.6414   0.7286   0.5532   0.2991   0.3946

  S15 multi-seed summary written (n=3):
    syntax mAP50  : 0.4929 ± 0.4270
    stenosis AP50 : 0.2294 ± 0.2010
    stenosis F1   : 0.2807 ± 0.2445
    overall F1    : 0.4681 ± 0.4054

====================================================================================================
ALL EXPERIMENTS COMPLETE (3.9h wall time)
Results saved: /home/c504-5090-x2/Documents/repos/angiography_vqa/arcade_experiments/results/stenosis_strategies/strategy_results.json
  (merged with 6 existing entries, total 14 entries)
  6 succeeded, 2 failed
  Failed experiments:
    S15_s8_seed2024: Pre-flight GPU idle check failed: timeout after 600s — 1 lingering compute PID(s): [2552674]; free=22654MB < baseline(32030)-tol(500)=31530
    S16_mosaic_both: Pre-flight GPU idle check failed: timeout after 600s — 1 lingering compute PID(s): [2552674]; free=23392MB < baseline(32030)-tol(500)=31530
====================================================================================================
