nohup: ignoring input
[SKIP] Stratified splits (--skip-splits)

############################################################
# Running 5 experiments on 2 GPUs
#   Output: /home/c504-5090-x2/Documents/repos/angiography_vqa/arcade_experiments/results/stenosis_strategies
############################################################
  advisory GPU 0: S15_s8_seed2024 — S8 recipe with seed=2024 (variance study)
  advisory GPU 1: S16_mosaic_both — S8 + mosaic=0.5 on syntax too (stretch: test whether mosaic helps syntax too)
  advisory GPU 0: S18_s12_seed42 — S12 (yolo11l-seg) recipe with seed=42 (Round 4 variance confirmation)
  advisory GPU 1: S18_s12_seed7 — S12 (yolo11l-seg) recipe with seed=7 (Round 4 variance confirmation)
  advisory GPU 0: S18_s12_seed2024 — S12 (yolo11l-seg) recipe with seed=2024 (Round 4 variance confirmation)

  Initial GPU memory (nvidia-smi):
    GPU 0: OK free=31463 MB
    GPU 1: OK free=32092 MB

  Orphan sweep (kill):
    [GPU 0] PID 2706671 (foreign, none): /usr/share/rustdesk/rustdesk --server

Scheduling 5 experiments
  GPU pool            : [0, 1]
  per-GPU baseline    : {0: '31463MB', 1: '32092MB'}
  max_concurrent      : 2
  stagger_seconds     : 15
  min_free_mb         : 2000
  idle tolerance (MB) : 500
  idle timeout (s)    : 600
    [GPU 0] waiting for idle — 1 lingering compute PID(s): [2706671] (waited 0s / 600s)
    [GPU 0] waiting for idle — 1 lingering compute PID(s): [2706671] (waited 5s / 600s)
  Launched S15_s8_seed2024 on GPU 0 (PID 2721824, free=32030MB, baseline=31463MB, log: /home/c504-5090-x2/Documents/repos/angiography_vqa/arcade_experiments/results/stenosis_strategies/S15_s8_seed2024/worker.log)
  (staggering 15s before next launch)
  Launched S16_mosaic_both on GPU 1 (PID 2721972, free=32095MB, baseline=32092MB, log: /home/c504-5090-x2/Documents/repos/angiography_vqa/arcade_experiments/results/stenosis_strategies/S16_mosaic_both/worker.log)
  [1/5] [GPU 1] S16_mosaic_both: OK
    [GPU 1] released: idle (free=32095MB)
  Launched S18_s12_seed42 on GPU 1 (PID 2756451, free=32095MB, baseline=32092MB, log: /home/c504-5090-x2/Documents/repos/angiography_vqa/arcade_experiments/results/stenosis_strategies/S18_s12_seed42/worker.log)
  [2/5] [GPU 0] S15_s8_seed2024: OK
    [GPU 0] waiting for idle — 1 lingering compute PID(s): [2756451]; free=25744MB < baseline(31463)-tol(500)=30963 (waited 0s / 120s)
    [GPU 0] waiting for idle — 1 lingering compute PID(s): [2756451]; free=25744MB < baseline(31463)-tol(500)=30963 (waited 3s / 120s)
    [GPU 0] waiting for idle — 1 lingering compute PID(s): [2756451]; free=25744MB < baseline(31463)-tol(500)=30963 (waited 6s / 120s)
    [GPU 0] waiting for idle — 1 lingering compute PID(s): [2756451]; free=25744MB < baseline(31463)-tol(500)=30963 (waited 9s / 120s)
    [GPU 0] waiting for idle — 1 lingering compute PID(s): [2756451]; free=25744MB < baseline(31463)-tol(500)=30963 (waited 12s / 120s)
    [GPU 0] waiting for idle — 1 lingering compute PID(s): [2756451]; free=25744MB < baseline(31463)-tol(500)=30963 (waited 15s / 120s)
    [GPU 0] waiting for idle — 1 lingering compute PID(s): [2756451]; free=25744MB < baseline(31463)-tol(500)=30963 (waited 18s / 120s)
    [GPU 0] waiting for idle — 1 lingering compute PID(s): [2756451]; free=25744MB < baseline(31463)-tol(500)=30963 (waited 21s / 120s)
    [GPU 0] waiting for idle — 1 lingering compute PID(s): [2756451]; free=25744MB < baseline(31463)-tol(500)=30963 (waited 24s / 120s)
    [GPU 0] waiting for idle — 1 lingering compute PID(s): [2756451]; free=25744MB < baseline(31463)-tol(500)=30963 (waited 27s / 120s)
    [GPU 0] waiting for idle — 1 lingering compute PID(s): [2756451]; free=25744MB < baseline(31463)-tol(500)=30963 (waited 30s / 120s)
    [GPU 0] waiting for idle — 1 lingering compute PID(s): [2756451]; free=25744MB < baseline(31463)-tol(500)=30963 (waited 33s / 120s)
    [GPU 0] waiting for idle — 1 lingering compute PID(s): [2756451]; free=25744MB < baseline(31463)-tol(500)=30963 (waited 36s / 120s)
    [GPU 0] waiting for idle — 1 lingering compute PID(s): [2756451]; free=25744MB < baseline(31463)-tol(500)=30963 (waited 39s / 120s)
    [GPU 0] waiting for idle — 1 lingering compute PID(s): [2756451]; free=25744MB < baseline(31463)-tol(500)=30963 (waited 42s / 120s)
    [GPU 0] waiting for idle — 1 lingering compute PID(s): [2756451]; free=25744MB < baseline(31463)-tol(500)=30963 (waited 45s / 120s)
    [GPU 0] waiting for idle — 1 lingering compute PID(s): [2756451]; free=25744MB < baseline(31463)-tol(500)=30963 (waited 48s / 120s)
    [GPU 0] waiting for idle — 1 lingering compute PID(s): [2756451]; free=25744MB < baseline(31463)-tol(500)=30963 (waited 51s / 120s)
    [GPU 0] waiting for idle — 1 lingering compute PID(s): [2756451]; free=25744MB < baseline(31463)-tol(500)=30963 (waited 54s / 120s)
    [GPU 0] waiting for idle — 1 lingering compute PID(s): [2756451]; free=25744MB < baseline(31463)-tol(500)=30963 (waited 57s / 120s)
    [GPU 0] waiting for idle — 1 lingering compute PID(s): [2756451]; free=25744MB < baseline(31463)-tol(500)=30963 (waited 60s / 120s)
    [GPU 0] waiting for idle — 1 lingering compute PID(s): [2756451]; free=25744MB < baseline(31463)-tol(500)=30963 (waited 63s / 120s)
    [GPU 0] waiting for idle — 1 lingering compute PID(s): [2756451]; free=25744MB < baseline(31463)-tol(500)=30963 (waited 66s / 120s)
    [GPU 0] waiting for idle — 1 lingering compute PID(s): [2756451]; free=25744MB < baseline(31463)-tol(500)=30963 (waited 69s / 120s)
    [GPU 0] waiting for idle — 1 lingering compute PID(s): [2756451]; free=25744MB < baseline(31463)-tol(500)=30963 (waited 72s / 120s)
    [GPU 0] waiting for idle — 1 lingering compute PID(s): [2756451]; free=25744MB < baseline(31463)-tol(500)=30963 (waited 75s / 120s)
    [GPU 0] waiting for idle — 1 lingering compute PID(s): [2756451]; free=25744MB < baseline(31463)-tol(500)=30963 (waited 78s / 120s)
    [GPU 0] waiting for idle — 1 lingering compute PID(s): [2756451]; free=25744MB < baseline(31463)-tol(500)=30963 (waited 81s / 120s)
    [GPU 0] waiting for idle — 1 lingering compute PID(s): [2756451]; free=25744MB < baseline(31463)-tol(500)=30963 (waited 84s / 120s)
    [GPU 0] waiting for idle — 1 lingering compute PID(s): [2756451]; free=25744MB < baseline(31463)-tol(500)=30963 (waited 87s / 120s)
    [GPU 0] waiting for idle — 1 lingering compute PID(s): [2756451]; free=25744MB < baseline(31463)-tol(500)=30963 (waited 90s / 120s)
    [GPU 0] waiting for idle — 1 lingering compute PID(s): [2756451]; free=30444MB < baseline(31463)-tol(500)=30963 (waited 93s / 120s)
    [GPU 0] waiting for idle — 1 lingering compute PID(s): [2756451]; free=24458MB < baseline(31463)-tol(500)=30963 (waited 96s / 120s)
    [GPU 0] waiting for idle — 1 lingering compute PID(s): [2756451]; free=24448MB < baseline(31463)-tol(500)=30963 (waited 99s / 120s)
    [GPU 0] waiting for idle — 1 lingering compute PID(s): [2756451]; free=24448MB < baseline(31463)-tol(500)=30963 (waited 102s / 120s)
    [GPU 0] waiting for idle — 1 lingering compute PID(s): [2756451]; free=22692MB < baseline(31463)-tol(500)=30963 (waited 105s / 120s)
    [GPU 0] waiting for idle — 1 lingering compute PID(s): [2756451]; free=22692MB < baseline(31463)-tol(500)=30963 (waited 108s / 120s)
    [GPU 0] waiting for idle — 1 lingering compute PID(s): [2756451]; free=22692MB < baseline(31463)-tol(500)=30963 (waited 111s / 120s)
    [GPU 0] waiting for idle — 1 lingering compute PID(s): [2756451]; free=22692MB < baseline(31463)-tol(500)=30963 (waited 114s / 120s)
    [GPU 0] waiting for idle — 1 lingering compute PID(s): [2756451]; free=22674MB < baseline(31463)-tol(500)=30963 (waited 117s / 120s)
    [GPU 0] waiting for idle — 1 lingering compute PID(s): [2756451]; free=22674MB < baseline(31463)-tol(500)=30963 (waited 120s / 120s)
    [GPU 0] WARNING: not idle after completion — timeout after 120s — 1 lingering compute PID(s): [2756451]; free=22674MB < baseline(31463)-tol(500)=30963
    [GPU 0] waiting for idle — 1 lingering compute PID(s): [2756451]; free=22674MB < baseline(31463)-tol(500)=30963 (waited 0s / 600s)
    [GPU 0] waiting for idle — 1 lingering compute PID(s): [2756451]; free=22674MB < baseline(31463)-tol(500)=30963 (waited 5s / 600s)
    [GPU 0] waiting for idle — 1 lingering compute PID(s): [2756451]; free=22674MB < baseline(31463)-tol(500)=30963 (waited 10s / 600s)
    [GPU 0] waiting for idle — 1 lingering compute PID(s): [2756451]; free=22674MB < baseline(31463)-tol(500)=30963 (waited 15s / 600s)
    [GPU 0] waiting for idle — 1 lingering compute PID(s): [2756451]; free=22674MB < baseline(31463)-tol(500)=30963 (waited 20s / 600s)
    [GPU 0] waiting for idle — 1 lingering compute PID(s): [2756451]; free=22674MB < baseline(31463)-tol(500)=30963 (waited 25s / 600s)
    [GPU 0] waiting for idle — 1 lingering compute PID(s): [2756451]; free=22674MB < baseline(31463)-tol(500)=30963 (waited 30s / 600s)
    [GPU 0] waiting for idle — 1 lingering compute PID(s): [2756451]; free=22674MB < baseline(31463)-tol(500)=30963 (waited 35s / 600s)
    [GPU 0] waiting for idle — 1 lingering compute PID(s): [2756451]; free=22674MB < baseline(31463)-tol(500)=30963 (waited 40s / 600s)
    [GPU 0] waiting for idle — 1 lingering compute PID(s): [2756451]; free=22674MB < baseline(31463)-tol(500)=30963 (waited 45s / 600s)
    [GPU 0] waiting for idle — 1 lingering compute PID(s): [2756451]; free=22674MB < baseline(31463)-tol(500)=30963 (waited 50s / 600s)
    [GPU 0] waiting for idle — 1 lingering compute PID(s): [2756451]; free=22674MB < baseline(31463)-tol(500)=30963 (waited 55s / 600s)
    [GPU 0] waiting for idle — 1 lingering compute PID(s): [2756451]; free=22672MB < baseline(31463)-tol(500)=30963 (waited 60s / 600s)
    [GPU 0] waiting for idle — 1 lingering compute PID(s): [2756451]; free=22672MB < baseline(31463)-tol(500)=30963 (waited 65s / 600s)
    [GPU 0] waiting for idle — 1 lingering compute PID(s): [2756451]; free=22672MB < baseline(31463)-tol(500)=30963 (waited 70s / 600s)
    [GPU 0] waiting for idle — 1 lingering compute PID(s): [2756451]; free=22672MB < baseline(31463)-tol(500)=30963 (waited 75s / 600s)
    [GPU 0] waiting for idle — 1 lingering compute PID(s): [2756451]; free=22672MB < baseline(31463)-tol(500)=30963 (waited 80s / 600s)
    [GPU 0] waiting for idle — 1 lingering compute PID(s): [2756451]; free=22672MB < baseline(31463)-tol(500)=30963 (waited 85s / 600s)
    [GPU 0] waiting for idle — 1 lingering compute PID(s): [2756451]; free=22672MB < baseline(31463)-tol(500)=30963 (waited 90s / 600s)
    [GPU 0] waiting for idle — 1 lingering compute PID(s): [2756451]; free=22672MB < baseline(31463)-tol(500)=30963 (waited 95s / 600s)
    [GPU 0] waiting for idle — 1 lingering compute PID(s): [2756451]; free=22672MB < baseline(31463)-tol(500)=30963 (waited 100s / 600s)
    [GPU 0] waiting for idle — 1 lingering compute PID(s): [2756451]; free=22672MB < baseline(31463)-tol(500)=30963 (waited 105s / 600s)
    [GPU 0] waiting for idle — 1 lingering compute PID(s): [2756451]; free=22672MB < baseline(31463)-tol(500)=30963 (waited 110s / 600s)
    [GPU 0] waiting for idle — 1 lingering compute PID(s): [2756451]; free=22672MB < baseline(31463)-tol(500)=30963 (waited 115s / 600s)
    [GPU 0] waiting for idle — 1 lingering compute PID(s): [2756451]; free=22672MB < baseline(31463)-tol(500)=30963 (waited 120s / 600s)
    [GPU 0] waiting for idle — 1 lingering compute PID(s): [2756451]; free=22672MB < baseline(31463)-tol(500)=30963 (waited 125s / 600s)
    [GPU 0] waiting for idle — 1 lingering compute PID(s): [2756451]; free=22672MB < baseline(31463)-tol(500)=30963 (waited 130s / 600s)
    [GPU 0] waiting for idle — 1 lingering compute PID(s): [2756451]; free=22672MB < baseline(31463)-tol(500)=30963 (waited 135s / 600s)
    [GPU 0] waiting for idle — 1 lingering compute PID(s): [2756451]; free=22672MB < baseline(31463)-tol(500)=30963 (waited 140s / 600s)
    [GPU 0] waiting for idle — 1 lingering compute PID(s): [2756451]; free=22672MB < baseline(31463)-tol(500)=30963 (waited 145s / 600s)
    [GPU 0] waiting for idle — 1 lingering compute PID(s): [2756451]; free=22672MB < baseline(31463)-tol(500)=30963 (waited 150s / 600s)
    [GPU 0] waiting for idle — 1 lingering compute PID(s): [2756451]; free=22672MB < baseline(31463)-tol(500)=30963 (waited 155s / 600s)
    [GPU 0] waiting for idle — 1 lingering compute PID(s): [2756451]; free=22672MB < baseline(31463)-tol(500)=30963 (waited 160s / 600s)
    [GPU 0] waiting for idle — 1 lingering compute PID(s): [2756451]; free=22672MB < baseline(31463)-tol(500)=30963 (waited 165s / 600s)
    [GPU 0] waiting for idle — 1 lingering compute PID(s): [2756451]; free=22672MB < baseline(31463)-tol(500)=30963 (waited 170s / 600s)
    [GPU 0] waiting for idle — 1 lingering compute PID(s): [2756451]; free=22672MB < baseline(31463)-tol(500)=30963 (waited 175s / 600s)
    [GPU 0] waiting for idle — 1 lingering compute PID(s): [2756451]; free=22672MB < baseline(31463)-tol(500)=30963 (waited 180s / 600s)
    [GPU 0] waiting for idle — 1 lingering compute PID(s): [2756451]; free=22672MB < baseline(31463)-tol(500)=30963 (waited 185s / 600s)
    [GPU 0] waiting for idle — 1 lingering compute PID(s): [2756451]; free=22672MB < baseline(31463)-tol(500)=30963 (waited 190s / 600s)
    [GPU 0] waiting for idle — 1 lingering compute PID(s): [2756451]; free=22672MB < baseline(31463)-tol(500)=30963 (waited 195s / 600s)
    [GPU 0] waiting for idle — 1 lingering compute PID(s): [2756451]; free=22672MB < baseline(31463)-tol(500)=30963 (waited 200s / 600s)
    [GPU 0] waiting for idle — 1 lingering compute PID(s): [2756451]; free=22672MB < baseline(31463)-tol(500)=30963 (waited 205s / 600s)
    [GPU 0] waiting for idle — 1 lingering compute PID(s): [2756451]; free=22672MB < baseline(31463)-tol(500)=30963 (waited 210s / 600s)
    [GPU 0] waiting for idle — 1 lingering compute PID(s): [2756451]; free=22672MB < baseline(31463)-tol(500)=30963 (waited 215s / 600s)
    [GPU 0] waiting for idle — 1 lingering compute PID(s): [2756451]; free=22672MB < baseline(31463)-tol(500)=30963 (waited 220s / 600s)
    [GPU 0] waiting for idle — 1 lingering compute PID(s): [2756451]; free=22672MB < baseline(31463)-tol(500)=30963 (waited 225s / 600s)
    [GPU 0] waiting for idle — 1 lingering compute PID(s): [2756451]; free=22672MB < baseline(31463)-tol(500)=30963 (waited 230s / 600s)
    [GPU 0] waiting for idle — 1 lingering compute PID(s): [2756451]; free=22672MB < baseline(31463)-tol(500)=30963 (waited 235s / 600s)
    [GPU 0] waiting for idle — 1 lingering compute PID(s): [2756451]; free=22672MB < baseline(31463)-tol(500)=30963 (waited 240s / 600s)
    [GPU 0] waiting for idle — 1 lingering compute PID(s): [2756451]; free=22672MB < baseline(31463)-tol(500)=30963 (waited 245s / 600s)
    [GPU 0] waiting for idle — 1 lingering compute PID(s): [2756451]; free=22672MB < baseline(31463)-tol(500)=30963 (waited 250s / 600s)
    [GPU 0] waiting for idle — 1 lingering compute PID(s): [2756451]; free=22672MB < baseline(31463)-tol(500)=30963 (waited 255s / 600s)
    [GPU 0] waiting for idle — 1 lingering compute PID(s): [2756451]; free=22672MB < baseline(31463)-tol(500)=30963 (waited 260s / 600s)
    [GPU 0] waiting for idle — 1 lingering compute PID(s): [2756451]; free=22672MB < baseline(31463)-tol(500)=30963 (waited 265s / 600s)
    [GPU 0] waiting for idle — 1 lingering compute PID(s): [2756451]; free=22672MB < baseline(31463)-tol(500)=30963 (waited 270s / 600s)
    [GPU 0] waiting for idle — 1 lingering compute PID(s): [2756451]; free=22670MB < baseline(31463)-tol(500)=30963 (waited 275s / 600s)
    [GPU 0] waiting for idle — 1 lingering compute PID(s): [2756451]; free=22670MB < baseline(31463)-tol(500)=30963 (waited 280s / 600s)
    [GPU 0] waiting for idle — 1 lingering compute PID(s): [2756451]; free=22670MB < baseline(31463)-tol(500)=30963 (waited 285s / 600s)
    [GPU 0] waiting for idle — 1 lingering compute PID(s): [2756451]; free=22670MB < baseline(31463)-tol(500)=30963 (waited 290s / 600s)
    [GPU 0] waiting for idle — 1 lingering compute PID(s): [2756451]; free=22670MB < baseline(31463)-tol(500)=30963 (waited 295s / 600s)
    [GPU 0] waiting for idle — 1 lingering compute PID(s): [2756451]; free=22670MB < baseline(31463)-tol(500)=30963 (waited 300s / 600s)
    [GPU 0] waiting for idle — 1 lingering compute PID(s): [2756451]; free=22670MB < baseline(31463)-tol(500)=30963 (waited 305s / 600s)
    [GPU 0] waiting for idle — 1 lingering compute PID(s): [2756451]; free=22670MB < baseline(31463)-tol(500)=30963 (waited 310s / 600s)
    [GPU 0] waiting for idle — 1 lingering compute PID(s): [2756451]; free=22670MB < baseline(31463)-tol(500)=30963 (waited 315s / 600s)
    [GPU 0] waiting for idle — 1 lingering compute PID(s): [2756451]; free=22670MB < baseline(31463)-tol(500)=30963 (waited 320s / 600s)
    [GPU 0] waiting for idle — 1 lingering compute PID(s): [2756451]; free=22670MB < baseline(31463)-tol(500)=30963 (waited 325s / 600s)
    [GPU 0] waiting for idle — 1 lingering compute PID(s): [2756451]; free=22670MB < baseline(31463)-tol(500)=30963 (waited 330s / 600s)
    [GPU 0] waiting for idle — 1 lingering compute PID(s): [2756451]; free=22670MB < baseline(31463)-tol(500)=30963 (waited 335s / 600s)
    [GPU 0] waiting for idle — 1 lingering compute PID(s): [2756451]; free=22670MB < baseline(31463)-tol(500)=30963 (waited 340s / 600s)
    [GPU 0] waiting for idle — 1 lingering compute PID(s): [2756451]; free=22670MB < baseline(31463)-tol(500)=30963 (waited 345s / 600s)
    [GPU 0] waiting for idle — 1 lingering compute PID(s): [2756451]; free=22670MB < baseline(31463)-tol(500)=30963 (waited 350s / 600s)
    [GPU 0] waiting for idle — 1 lingering compute PID(s): [2756451]; free=22670MB < baseline(31463)-tol(500)=30963 (waited 355s / 600s)
    [GPU 0] waiting for idle — 1 lingering compute PID(s): [2756451]; free=22670MB < baseline(31463)-tol(500)=30963 (waited 360s / 600s)
    [GPU 0] waiting for idle — 1 lingering compute PID(s): [2756451]; free=22670MB < baseline(31463)-tol(500)=30963 (waited 365s / 600s)
    [GPU 0] waiting for idle — 1 lingering compute PID(s): [2756451]; free=22670MB < baseline(31463)-tol(500)=30963 (waited 370s / 600s)
    [GPU 0] waiting for idle — 1 lingering compute PID(s): [2756451]; free=22670MB < baseline(31463)-tol(500)=30963 (waited 375s / 600s)
    [GPU 0] waiting for idle — 1 lingering compute PID(s): [2756451]; free=22670MB < baseline(31463)-tol(500)=30963 (waited 380s / 600s)
    [GPU 0] waiting for idle — 1 lingering compute PID(s): [2756451]; free=22670MB < baseline(31463)-tol(500)=30963 (waited 385s / 600s)
    [GPU 0] waiting for idle — 1 lingering compute PID(s): [2756451]; free=22670MB < baseline(31463)-tol(500)=30963 (waited 390s / 600s)
    [GPU 0] waiting for idle — 1 lingering compute PID(s): [2756451]; free=22670MB < baseline(31463)-tol(500)=30963 (waited 395s / 600s)
    [GPU 0] waiting for idle — 1 lingering compute PID(s): [2756451]; free=22670MB < baseline(31463)-tol(500)=30963 (waited 400s / 600s)
    [GPU 0] waiting for idle — 1 lingering compute PID(s): [2756451]; free=22670MB < baseline(31463)-tol(500)=30963 (waited 405s / 600s)
    [GPU 0] waiting for idle — 1 lingering compute PID(s): [2756451]; free=22670MB < baseline(31463)-tol(500)=30963 (waited 410s / 600s)
    [GPU 0] waiting for idle — 1 lingering compute PID(s): [2756451]; free=22670MB < baseline(31463)-tol(500)=30963 (waited 415s / 600s)
    [GPU 0] waiting for idle — 1 lingering compute PID(s): [2756451]; free=22670MB < baseline(31463)-tol(500)=30963 (waited 420s / 600s)
    [GPU 0] waiting for idle — 2 lingering compute PID(s): [2756451, 2744237]; free=22059MB < baseline(31463)-tol(500)=30963 (waited 425s / 600s)
    [GPU 0] waiting for idle — 2 lingering compute PID(s): [2756451, 2744237]; free=22058MB < baseline(31463)-tol(500)=30963 (waited 430s / 600s)
    [GPU 0] waiting for idle — 2 lingering compute PID(s): [2756451, 2744237]; free=22058MB < baseline(31463)-tol(500)=30963 (waited 435s / 600s)
    [GPU 0] waiting for idle — 2 lingering compute PID(s): [2756451, 2744237]; free=22058MB < baseline(31463)-tol(500)=30963 (waited 440s / 600s)
    [GPU 0] waiting for idle — 2 lingering compute PID(s): [2756451, 2744237]; free=22058MB < baseline(31463)-tol(500)=30963 (waited 445s / 600s)
    [GPU 0] waiting for idle — 2 lingering compute PID(s): [2756451, 2744237]; free=22058MB < baseline(31463)-tol(500)=30963 (waited 450s / 600s)
    [GPU 0] waiting for idle — 2 lingering compute PID(s): [2756451, 2744237]; free=22058MB < baseline(31463)-tol(500)=30963 (waited 455s / 600s)
    [GPU 0] waiting for idle — 2 lingering compute PID(s): [2756451, 2744237]; free=22058MB < baseline(31463)-tol(500)=30963 (waited 460s / 600s)
    [GPU 0] waiting for idle — 2 lingering compute PID(s): [2756451, 2744237]; free=22058MB < baseline(31463)-tol(500)=30963 (waited 465s / 600s)
    [GPU 0] waiting for idle — 2 lingering compute PID(s): [2756451, 2744237]; free=22058MB < baseline(31463)-tol(500)=30963 (waited 470s / 600s)
    [GPU 0] waiting for idle — 2 lingering compute PID(s): [2756451, 2744237]; free=22058MB < baseline(31463)-tol(500)=30963 (waited 475s / 600s)
    [GPU 0] waiting for idle — 2 lingering compute PID(s): [2756451, 2744237]; free=22058MB < baseline(31463)-tol(500)=30963 (waited 480s / 600s)
    [GPU 0] waiting for idle — 2 lingering compute PID(s): [2756451, 2744237]; free=22058MB < baseline(31463)-tol(500)=30963 (waited 485s / 600s)
    [GPU 0] waiting for idle — 2 lingering compute PID(s): [2756451, 2744237]; free=22058MB < baseline(31463)-tol(500)=30963 (waited 490s / 600s)
    [GPU 0] waiting for idle — 2 lingering compute PID(s): [2756451, 2744237]; free=22058MB < baseline(31463)-tol(500)=30963 (waited 495s / 600s)
    [GPU 0] waiting for idle — 2 lingering compute PID(s): [2756451, 2744237]; free=22058MB < baseline(31463)-tol(500)=30963 (waited 500s / 600s)
    [GPU 0] waiting for idle — 2 lingering compute PID(s): [2756451, 2744237]; free=22058MB < baseline(31463)-tol(500)=30963 (waited 505s / 600s)
    [GPU 0] waiting for idle — 2 lingering compute PID(s): [2756451, 2744237]; free=22058MB < baseline(31463)-tol(500)=30963 (waited 510s / 600s)
    [GPU 0] waiting for idle — 2 lingering compute PID(s): [2756451, 2744237]; free=22058MB < baseline(31463)-tol(500)=30963 (waited 515s / 600s)
    [GPU 0] waiting for idle — 2 lingering compute PID(s): [2756451, 2744237]; free=22058MB < baseline(31463)-tol(500)=30963 (waited 520s / 600s)
    [GPU 0] waiting for idle — 2 lingering compute PID(s): [2756451, 2744237]; free=22058MB < baseline(31463)-tol(500)=30963 (waited 525s / 600s)
    [GPU 0] waiting for idle — 2 lingering compute PID(s): [2756451, 2744237]; free=22058MB < baseline(31463)-tol(500)=30963 (waited 530s / 600s)
    [GPU 0] waiting for idle — 2 lingering compute PID(s): [2756451, 2744237]; free=22058MB < baseline(31463)-tol(500)=30963 (waited 535s / 600s)
    [GPU 0] waiting for idle — 2 lingering compute PID(s): [2756451, 2744237]; free=22058MB < baseline(31463)-tol(500)=30963 (waited 540s / 600s)
    [GPU 0] waiting for idle — 2 lingering compute PID(s): [2756451, 2744237]; free=22058MB < baseline(31463)-tol(500)=30963 (waited 545s / 600s)
    [GPU 0] waiting for idle — 2 lingering compute PID(s): [2756451, 2744237]; free=22058MB < baseline(31463)-tol(500)=30963 (waited 550s / 600s)
    [GPU 0] waiting for idle — 2 lingering compute PID(s): [2756451, 2744237]; free=22058MB < baseline(31463)-tol(500)=30963 (waited 555s / 600s)
    [GPU 0] waiting for idle — 2 lingering compute PID(s): [2756451, 2744237]; free=22058MB < baseline(31463)-tol(500)=30963 (waited 560s / 600s)
    [GPU 0] waiting for idle — 2 lingering compute PID(s): [2756451, 2744237]; free=22058MB < baseline(31463)-tol(500)=30963 (waited 565s / 600s)
    [GPU 0] waiting for idle — 2 lingering compute PID(s): [2756451, 2744237]; free=22058MB < baseline(31463)-tol(500)=30963 (waited 570s / 600s)
    [GPU 0] waiting for idle — 2 lingering compute PID(s): [2756451, 2744237]; free=22058MB < baseline(31463)-tol(500)=30963 (waited 575s / 600s)
    [GPU 0] waiting for idle — 2 lingering compute PID(s): [2756451, 2744237]; free=22058MB < baseline(31463)-tol(500)=30963 (waited 580s / 600s)
    [GPU 0] waiting for idle — 2 lingering compute PID(s): [2756451, 2744237]; free=22058MB < baseline(31463)-tol(500)=30963 (waited 585s / 600s)
    [GPU 0] waiting for idle — 2 lingering compute PID(s): [2756451, 2744237]; free=22058MB < baseline(31463)-tol(500)=30963 (waited 590s / 600s)
    [GPU 0] waiting for idle — 2 lingering compute PID(s): [2756451, 2744237]; free=22058MB < baseline(31463)-tol(500)=30963 (waited 595s / 600s)
    [GPU 0] waiting for idle — 2 lingering compute PID(s): [2756451, 2744237]; free=22058MB < baseline(31463)-tol(500)=30963 (waited 600s / 600s)
  [GPU 0] SKIPPING S18_s12_seed7: timeout after 600s — 2 lingering compute PID(s): [2756451, 2744237]; free=22058MB < baseline(31463)-tol(500)=30963
  [3/5] [GPU 0] S18_s12_seed7: SKIPPED (pre-flight)
    [GPU 0] waiting for idle — 2 lingering compute PID(s): [2756451, 2744237]; free=22058MB < baseline(31463)-tol(500)=30963 (waited 0s / 600s)
    [GPU 0] waiting for idle — 2 lingering compute PID(s): [2756451, 2744237]; free=22058MB < baseline(31463)-tol(500)=30963 (waited 5s / 600s)
    [GPU 0] waiting for idle — 2 lingering compute PID(s): [2756451, 2744237]; free=22058MB < baseline(31463)-tol(500)=30963 (waited 10s / 600s)
    [GPU 0] waiting for idle — 2 lingering compute PID(s): [2756451, 2744237]; free=22058MB < baseline(31463)-tol(500)=30963 (waited 15s / 600s)
    [GPU 0] waiting for idle — 2 lingering compute PID(s): [2756451, 2744237]; free=22058MB < baseline(31463)-tol(500)=30963 (waited 20s / 600s)
    [GPU 0] waiting for idle — 2 lingering compute PID(s): [2756451, 2744237]; free=22058MB < baseline(31463)-tol(500)=30963 (waited 25s / 600s)
    [GPU 0] waiting for idle — 2 lingering compute PID(s): [2756451, 2744237]; free=22058MB < baseline(31463)-tol(500)=30963 (waited 30s / 600s)
    [GPU 0] waiting for idle — 2 lingering compute PID(s): [2756451, 2744237]; free=22058MB < baseline(31463)-tol(500)=30963 (waited 35s / 600s)
    [GPU 0] waiting for idle — 2 lingering compute PID(s): [2756451, 2744237]; free=22058MB < baseline(31463)-tol(500)=30963 (waited 40s / 600s)
    [GPU 0] waiting for idle — 2 lingering compute PID(s): [2756451, 2744237]; free=22058MB < baseline(31463)-tol(500)=30963 (waited 45s / 600s)
    [GPU 0] waiting for idle — 2 lingering compute PID(s): [2756451, 2744237]; free=22058MB < baseline(31463)-tol(500)=30963 (waited 50s / 600s)
    [GPU 0] waiting for idle — 2 lingering compute PID(s): [2756451, 2744237]; free=22058MB < baseline(31463)-tol(500)=30963 (waited 55s / 600s)
    [GPU 0] waiting for idle — 2 lingering compute PID(s): [2756451, 2744237]; free=22058MB < baseline(31463)-tol(500)=30963 (waited 60s / 600s)
    [GPU 0] waiting for idle — 2 lingering compute PID(s): [2756451, 2744237]; free=22058MB < baseline(31463)-tol(500)=30963 (waited 65s / 600s)
    [GPU 0] waiting for idle — 2 lingering compute PID(s): [2756451, 2744237]; free=22058MB < baseline(31463)-tol(500)=30963 (waited 70s / 600s)
    [GPU 0] waiting for idle — 2 lingering compute PID(s): [2756451, 2744237]; free=22058MB < baseline(31463)-tol(500)=30963 (waited 75s / 600s)
    [GPU 0] waiting for idle — 2 lingering compute PID(s): [2756451, 2744237]; free=22058MB < baseline(31463)-tol(500)=30963 (waited 80s / 600s)
    [GPU 0] waiting for idle — 2 lingering compute PID(s): [2756451, 2744237]; free=22058MB < baseline(31463)-tol(500)=30963 (waited 85s / 600s)
    [GPU 0] waiting for idle — 2 lingering compute PID(s): [2756451, 2744237]; free=22058MB < baseline(31463)-tol(500)=30963 (waited 90s / 600s)
    [GPU 0] waiting for idle — 2 lingering compute PID(s): [2756451, 2744237]; free=22058MB < baseline(31463)-tol(500)=30963 (waited 95s / 600s)
    [GPU 0] waiting for idle — 2 lingering compute PID(s): [2756451, 2744237]; free=22058MB < baseline(31463)-tol(500)=30963 (waited 100s / 600s)
    [GPU 0] waiting for idle — 2 lingering compute PID(s): [2756451, 2744237]; free=22058MB < baseline(31463)-tol(500)=30963 (waited 105s / 600s)
    [GPU 0] waiting for idle — 2 lingering compute PID(s): [2756451, 2744237]; free=22058MB < baseline(31463)-tol(500)=30963 (waited 110s / 600s)
    [GPU 0] waiting for idle — 2 lingering compute PID(s): [2756451, 2744237]; free=22058MB < baseline(31463)-tol(500)=30963 (waited 115s / 600s)
    [GPU 0] waiting for idle — 2 lingering compute PID(s): [2756451, 2744237]; free=22058MB < baseline(31463)-tol(500)=30963 (waited 120s / 600s)
    [GPU 0] waiting for idle — 2 lingering compute PID(s): [2756451, 2744237]; free=22058MB < baseline(31463)-tol(500)=30963 (waited 125s / 600s)
    [GPU 0] waiting for idle — 2 lingering compute PID(s): [2756451, 2744237]; free=22058MB < baseline(31463)-tol(500)=30963 (waited 130s / 600s)
    [GPU 0] waiting for idle — 2 lingering compute PID(s): [2756451, 2744237]; free=22058MB < baseline(31463)-tol(500)=30963 (waited 135s / 600s)
    [GPU 0] waiting for idle — 2 lingering compute PID(s): [2756451, 2744237]; free=22058MB < baseline(31463)-tol(500)=30963 (waited 140s / 600s)
    [GPU 0] waiting for idle — 2 lingering compute PID(s): [2756451, 2744237]; free=22058MB < baseline(31463)-tol(500)=30963 (waited 145s / 600s)
    [GPU 0] waiting for idle — 2 lingering compute PID(s): [2756451, 2744237]; free=22058MB < baseline(31463)-tol(500)=30963 (waited 150s / 600s)
    [GPU 0] waiting for idle — 2 lingering compute PID(s): [2756451, 2744237]; free=22058MB < baseline(31463)-tol(500)=30963 (waited 155s / 600s)
    [GPU 0] waiting for idle — 2 lingering compute PID(s): [2756451, 2744237]; free=22058MB < baseline(31463)-tol(500)=30963 (waited 160s / 600s)
    [GPU 0] waiting for idle — 2 lingering compute PID(s): [2756451, 2744237]; free=22058MB < baseline(31463)-tol(500)=30963 (waited 165s / 600s)
    [GPU 0] waiting for idle — 2 lingering compute PID(s): [2756451, 2744237]; free=22058MB < baseline(31463)-tol(500)=30963 (waited 170s / 600s)
    [GPU 0] waiting for idle — 2 lingering compute PID(s): [2756451, 2744237]; free=22058MB < baseline(31463)-tol(500)=30963 (waited 175s / 600s)
    [GPU 0] waiting for idle — 2 lingering compute PID(s): [2756451, 2744237]; free=22058MB < baseline(31463)-tol(500)=30963 (waited 180s / 600s)
    [GPU 0] waiting for idle — 2 lingering compute PID(s): [2756451, 2744237]; free=22058MB < baseline(31463)-tol(500)=30963 (waited 185s / 600s)
    [GPU 0] waiting for idle — 2 lingering compute PID(s): [2756451, 2744237]; free=22058MB < baseline(31463)-tol(500)=30963 (waited 190s / 600s)
    [GPU 0] waiting for idle — 2 lingering compute PID(s): [2756451, 2744237]; free=22058MB < baseline(31463)-tol(500)=30963 (waited 195s / 600s)
    [GPU 0] waiting for idle — 2 lingering compute PID(s): [2756451, 2744237]; free=22058MB < baseline(31463)-tol(500)=30963 (waited 200s / 600s)
    [GPU 0] waiting for idle — 2 lingering compute PID(s): [2756451, 2744237]; free=22058MB < baseline(31463)-tol(500)=30963 (waited 205s / 600s)
    [GPU 0] waiting for idle — 2 lingering compute PID(s): [2756451, 2744237]; free=22058MB < baseline(31463)-tol(500)=30963 (waited 210s / 600s)
    [GPU 0] waiting for idle — 2 lingering compute PID(s): [2756451, 2744237]; free=22058MB < baseline(31463)-tol(500)=30963 (waited 215s / 600s)
    [GPU 0] waiting for idle — 2 lingering compute PID(s): [2756451, 2744237]; free=22058MB < baseline(31463)-tol(500)=30963 (waited 220s / 600s)
    [GPU 0] waiting for idle — 2 lingering compute PID(s): [2756451, 2744237]; free=22058MB < baseline(31463)-tol(500)=30963 (waited 225s / 600s)
    [GPU 0] waiting for idle — 2 lingering compute PID(s): [2756451, 2744237]; free=22058MB < baseline(31463)-tol(500)=30963 (waited 230s / 600s)
    [GPU 0] waiting for idle — 2 lingering compute PID(s): [2756451, 2744237]; free=22058MB < baseline(31463)-tol(500)=30963 (waited 235s / 600s)
    [GPU 0] waiting for idle — 2 lingering compute PID(s): [2756451, 2744237]; free=22058MB < baseline(31463)-tol(500)=30963 (waited 240s / 600s)
    [GPU 0] waiting for idle — 2 lingering compute PID(s): [2756451, 2744237]; free=22058MB < baseline(31463)-tol(500)=30963 (waited 245s / 600s)
    [GPU 0] waiting for idle — 2 lingering compute PID(s): [2756451, 2744237]; free=22058MB < baseline(31463)-tol(500)=30963 (waited 250s / 600s)
    [GPU 0] waiting for idle — 2 lingering compute PID(s): [2756451, 2744237]; free=22058MB < baseline(31463)-tol(500)=30963 (waited 255s / 600s)
    [GPU 0] waiting for idle — 2 lingering compute PID(s): [2756451, 2744237]; free=22058MB < baseline(31463)-tol(500)=30963 (waited 260s / 600s)
    [GPU 0] waiting for idle — 2 lingering compute PID(s): [2756451, 2744237]; free=22058MB < baseline(31463)-tol(500)=30963 (waited 265s / 600s)
    [GPU 0] waiting for idle — 2 lingering compute PID(s): [2756451, 2744237]; free=22058MB < baseline(31463)-tol(500)=30963 (waited 270s / 600s)
    [GPU 0] waiting for idle — 2 lingering compute PID(s): [2756451, 2744237]; free=22058MB < baseline(31463)-tol(500)=30963 (waited 275s / 600s)
    [GPU 0] waiting for idle — 2 lingering compute PID(s): [2756451, 2744237]; free=22058MB < baseline(31463)-tol(500)=30963 (waited 280s / 600s)
    [GPU 0] waiting for idle — 2 lingering compute PID(s): [2756451, 2744237]; free=22058MB < baseline(31463)-tol(500)=30963 (waited 285s / 600s)
    [GPU 0] waiting for idle — 2 lingering compute PID(s): [2756451, 2744237]; free=22058MB < baseline(31463)-tol(500)=30963 (waited 290s / 600s)
    [GPU 0] waiting for idle — 2 lingering compute PID(s): [2756451, 2744237]; free=22058MB < baseline(31463)-tol(500)=30963 (waited 295s / 600s)
    [GPU 0] waiting for idle — 2 lingering compute PID(s): [2756451, 2744237]; free=22058MB < baseline(31463)-tol(500)=30963 (waited 300s / 600s)
    [GPU 0] waiting for idle — 2 lingering compute PID(s): [2756451, 2744237]; free=22058MB < baseline(31463)-tol(500)=30963 (waited 305s / 600s)
    [GPU 0] waiting for idle — 2 lingering compute PID(s): [2756451, 2744237]; free=22058MB < baseline(31463)-tol(500)=30963 (waited 310s / 600s)
    [GPU 0] waiting for idle — 2 lingering compute PID(s): [2756451, 2744237]; free=22058MB < baseline(31463)-tol(500)=30963 (waited 315s / 600s)
    [GPU 0] waiting for idle — 2 lingering compute PID(s): [2756451, 2744237]; free=22058MB < baseline(31463)-tol(500)=30963 (waited 320s / 600s)
    [GPU 0] waiting for idle — 2 lingering compute PID(s): [2756451, 2744237]; free=22058MB < baseline(31463)-tol(500)=30963 (waited 325s / 600s)
    [GPU 0] waiting for idle — 2 lingering compute PID(s): [2756451, 2744237]; free=22058MB < baseline(31463)-tol(500)=30963 (waited 330s / 600s)
    [GPU 0] waiting for idle — 2 lingering compute PID(s): [2756451, 2744237]; free=22058MB < baseline(31463)-tol(500)=30963 (waited 335s / 600s)
    [GPU 0] waiting for idle — 2 lingering compute PID(s): [2756451, 2744237]; free=22058MB < baseline(31463)-tol(500)=30963 (waited 340s / 600s)
    [GPU 0] waiting for idle — 2 lingering compute PID(s): [2756451, 2744237]; free=22058MB < baseline(31463)-tol(500)=30963 (waited 345s / 600s)
    [GPU 0] waiting for idle — 2 lingering compute PID(s): [2756451, 2744237]; free=22058MB < baseline(31463)-tol(500)=30963 (waited 350s / 600s)
    [GPU 0] waiting for idle — 2 lingering compute PID(s): [2756451, 2744237]; free=22058MB < baseline(31463)-tol(500)=30963 (waited 355s / 600s)
    [GPU 0] waiting for idle — 2 lingering compute PID(s): [2756451, 2744237]; free=22058MB < baseline(31463)-tol(500)=30963 (waited 360s / 600s)
    [GPU 0] waiting for idle — 2 lingering compute PID(s): [2756451, 2744237]; free=22058MB < baseline(31463)-tol(500)=30963 (waited 365s / 600s)
    [GPU 0] waiting for idle — 2 lingering compute PID(s): [2756451, 2744237]; free=22058MB < baseline(31463)-tol(500)=30963 (waited 370s / 600s)
    [GPU 0] waiting for idle — 2 lingering compute PID(s): [2756451, 2744237]; free=22058MB < baseline(31463)-tol(500)=30963 (waited 375s / 600s)
    [GPU 0] waiting for idle — 2 lingering compute PID(s): [2756451, 2744237]; free=22058MB < baseline(31463)-tol(500)=30963 (waited 380s / 600s)
    [GPU 0] waiting for idle — 2 lingering compute PID(s): [2756451, 2744237]; free=22058MB < baseline(31463)-tol(500)=30963 (waited 385s / 600s)
    [GPU 0] waiting for idle — 2 lingering compute PID(s): [2756451, 2744237]; free=22058MB < baseline(31463)-tol(500)=30963 (waited 390s / 600s)
    [GPU 0] waiting for idle — 2 lingering compute PID(s): [2756451, 2744237]; free=22058MB < baseline(31463)-tol(500)=30963 (waited 395s / 600s)
    [GPU 0] waiting for idle — 2 lingering compute PID(s): [2756451, 2744237]; free=22058MB < baseline(31463)-tol(500)=30963 (waited 400s / 600s)
    [GPU 0] waiting for idle — 2 lingering compute PID(s): [2756451, 2744237]; free=22058MB < baseline(31463)-tol(500)=30963 (waited 405s / 600s)
    [GPU 0] waiting for idle — 2 lingering compute PID(s): [2756451, 2744237]; free=22058MB < baseline(31463)-tol(500)=30963 (waited 410s / 600s)
    [GPU 0] waiting for idle — 2 lingering compute PID(s): [2756451, 2744237]; free=22058MB < baseline(31463)-tol(500)=30963 (waited 415s / 600s)
    [GPU 0] waiting for idle — 2 lingering compute PID(s): [2756451, 2744237]; free=22058MB < baseline(31463)-tol(500)=30963 (waited 420s / 600s)
    [GPU 0] waiting for idle — 2 lingering compute PID(s): [2756451, 2744237]; free=22058MB < baseline(31463)-tol(500)=30963 (waited 425s / 600s)
    [GPU 0] waiting for idle — 2 lingering compute PID(s): [2756451, 2744237]; free=22058MB < baseline(31463)-tol(500)=30963 (waited 430s / 600s)
    [GPU 0] waiting for idle — 2 lingering compute PID(s): [2756451, 2744237]; free=22058MB < baseline(31463)-tol(500)=30963 (waited 435s / 600s)
    [GPU 0] waiting for idle — 2 lingering compute PID(s): [2756451, 2744237]; free=22058MB < baseline(31463)-tol(500)=30963 (waited 440s / 600s)
    [GPU 0] waiting for idle — 2 lingering compute PID(s): [2756451, 2744237]; free=22058MB < baseline(31463)-tol(500)=30963 (waited 445s / 600s)
    [GPU 0] waiting for idle — 2 lingering compute PID(s): [2756451, 2744237]; free=22058MB < baseline(31463)-tol(500)=30963 (waited 450s / 600s)
    [GPU 0] waiting for idle — 2 lingering compute PID(s): [2756451, 2744237]; free=22058MB < baseline(31463)-tol(500)=30963 (waited 455s / 600s)
    [GPU 0] waiting for idle — 2 lingering compute PID(s): [2756451, 2744237]; free=25952MB < baseline(31463)-tol(500)=30963 (waited 460s / 600s)
    [GPU 0] waiting for idle — 2 lingering compute PID(s): [2756451, 2744237]; free=25952MB < baseline(31463)-tol(500)=30963 (waited 465s / 600s)
    [GPU 0] waiting for idle — 2 lingering compute PID(s): [2756451, 2744237]; free=25862MB < baseline(31463)-tol(500)=30963 (waited 470s / 600s)
    [GPU 0] waiting for idle — 2 lingering compute PID(s): [2756451, 2744237]; free=25838MB < baseline(31463)-tol(500)=30963 (waited 475s / 600s)
    [GPU 0] waiting for idle — 2 lingering compute PID(s): [2756451, 2744237]; free=25838MB < baseline(31463)-tol(500)=30963 (waited 480s / 600s)
    [GPU 0] waiting for idle — 2 lingering compute PID(s): [2756451, 2744237]; free=25792MB < baseline(31463)-tol(500)=30963 (waited 485s / 600s)
    [GPU 0] waiting for idle — 2 lingering compute PID(s): [2756451, 2744237]; free=25792MB < baseline(31463)-tol(500)=30963 (waited 490s / 600s)
    [GPU 0] waiting for idle — 2 lingering compute PID(s): [2756451, 2744237]; free=25792MB < baseline(31463)-tol(500)=30963 (waited 495s / 600s)
    [GPU 0] waiting for idle — 2 lingering compute PID(s): [2756451, 2744237]; free=25792MB < baseline(31463)-tol(500)=30963 (waited 500s / 600s)
    [GPU 0] waiting for idle — 2 lingering compute PID(s): [2756451, 2744237]; free=25792MB < baseline(31463)-tol(500)=30963 (waited 505s / 600s)
    [GPU 0] waiting for idle — 2 lingering compute PID(s): [2756451, 2744237]; free=25790MB < baseline(31463)-tol(500)=30963 (waited 510s / 600s)
    [GPU 0] waiting for idle — 2 lingering compute PID(s): [2756451, 2744237]; free=25790MB < baseline(31463)-tol(500)=30963 (waited 515s / 600s)
    [GPU 0] waiting for idle — 2 lingering compute PID(s): [2756451, 2744237]; free=25790MB < baseline(31463)-tol(500)=30963 (waited 520s / 600s)
    [GPU 0] waiting for idle — 2 lingering compute PID(s): [2756451, 2744237]; free=25790MB < baseline(31463)-tol(500)=30963 (waited 525s / 600s)
    [GPU 0] waiting for idle — 2 lingering compute PID(s): [2756451, 2744237]; free=25790MB < baseline(31463)-tol(500)=30963 (waited 530s / 600s)
    [GPU 0] waiting for idle — 2 lingering compute PID(s): [2756451, 2744237]; free=25790MB < baseline(31463)-tol(500)=30963 (waited 535s / 600s)
    [GPU 0] waiting for idle — 2 lingering compute PID(s): [2756451, 2744237]; free=25790MB < baseline(31463)-tol(500)=30963 (waited 540s / 600s)
    [GPU 0] waiting for idle — 2 lingering compute PID(s): [2756451, 2744237]; free=25790MB < baseline(31463)-tol(500)=30963 (waited 545s / 600s)
    [GPU 0] waiting for idle — 2 lingering compute PID(s): [2756451, 2744237]; free=25790MB < baseline(31463)-tol(500)=30963 (waited 550s / 600s)
    [GPU 0] waiting for idle — 2 lingering compute PID(s): [2756451, 2744237]; free=25790MB < baseline(31463)-tol(500)=30963 (waited 555s / 600s)
    [GPU 0] waiting for idle — 2 lingering compute PID(s): [2756451, 2744237]; free=25790MB < baseline(31463)-tol(500)=30963 (waited 560s / 600s)
    [GPU 0] waiting for idle — 2 lingering compute PID(s): [2756451, 2744237]; free=25790MB < baseline(31463)-tol(500)=30963 (waited 565s / 600s)
    [GPU 0] waiting for idle — 2 lingering compute PID(s): [2756451, 2744237]; free=25790MB < baseline(31463)-tol(500)=30963 (waited 570s / 600s)
    [GPU 0] waiting for idle — 2 lingering compute PID(s): [2756451, 2744237]; free=25790MB < baseline(31463)-tol(500)=30963 (waited 575s / 600s)
    [GPU 0] waiting for idle — 2 lingering compute PID(s): [2756451, 2744237]; free=25790MB < baseline(31463)-tol(500)=30963 (waited 580s / 600s)
    [GPU 0] waiting for idle — 2 lingering compute PID(s): [2756451, 2744237]; free=25790MB < baseline(31463)-tol(500)=30963 (waited 585s / 600s)
    [GPU 0] waiting for idle — 2 lingering compute PID(s): [2756451, 2744237]; free=25790MB < baseline(31463)-tol(500)=30963 (waited 590s / 600s)
    [GPU 0] waiting for idle — 2 lingering compute PID(s): [2756451, 2744237]; free=25790MB < baseline(31463)-tol(500)=30963 (waited 595s / 600s)
    [GPU 0] waiting for idle — 2 lingering compute PID(s): [2756451, 2744237]; free=25790MB < baseline(31463)-tol(500)=30963 (waited 600s / 600s)
  [GPU 0] SKIPPING S18_s12_seed2024: timeout after 600s — 2 lingering compute PID(s): [2756451, 2744237]; free=25790MB < baseline(31463)-tol(500)=30963
  [4/5] [GPU 0] S18_s12_seed2024: SKIPPED (pre-flight)
  [5/5] [GPU 1] S18_s12_seed42: OK
    [GPU 1] released: idle (free=32092MB)

====================================================================================================
STENOSIS IMPROVEMENT STRATEGIES — COMPARISON
====================================================================================================

Name                         Status    Hours    mAP50       F1   Syn mAP   Sten AP   Sten F1
----------------------------------------------------------------------------------------------------
S16_mosaic_both              OK          1.1   0.7199   0.7111    0.7487    0.3744    0.4469
S15_s8_seed2024              OK          1.1   0.7043   0.6955    0.7337    0.3516    0.4109
S18_s12_seed7                FAIL        0.0        —        —         —         —         —
S18_s12_seed2024             FAIL        0.0        —        —         —         —         —
S18_s12_seed42               OK          0.8   0.7199   0.7096    0.7491    0.3694    0.4548

====================================================================================================
PER-CLASS F1 (Test)
====================================================================================================
Name                                1       11       13       16        2        3        4        5        6        7        8        9 stenosis
-------------------------------------------------------------------------------------------------------------------------------------------------
S16_mosaic_both                0.8974   0.8460   0.5396   0.6036   0.7604   0.8357   0.8083   0.8681   0.7511   0.7146   0.7873   0.3679   0.4469
S15_s8_seed2024                0.8314   0.8406   0.5261   0.6662   0.7440   0.7630   0.7344   0.8576   0.7925   0.7193   0.7255   0.4050   0.4109
S18_s12_seed42                 0.8775   0.8628   0.5575   0.6260   0.7787   0.7997   0.7600   0.8262   0.7669   0.7165   0.7056   0.4227   0.4548

  S15_multiseed_summary written (n=3):
    syntax mAP50  : 0.7375 ± 0.0102
    stenosis AP50 : 0.3466 ± 0.0306
    stenosis F1   : 0.4177 ± 0.0265
    overall F1    : 0.6999 ± 0.0083

  S18_multiseed_summary written (n=3):
    syntax mAP50  : 0.2497 ± 0.4325
    stenosis AP50 : 0.1231 ± 0.2133
    stenosis F1   : 0.1516 ± 0.2626
    overall F1    : 0.2365 ± 0.4097

====================================================================================================
ALL EXPERIMENTS COMPLETE (1.9h wall time)
Results saved: /home/c504-5090-x2/Documents/repos/angiography_vqa/arcade_experiments/results/stenosis_strategies/strategy_results.json
  (merged with 15 existing entries, total 19 entries)
  3 succeeded, 2 failed
  Failed experiments:
    S18_s12_seed7: Pre-flight GPU idle check failed: timeout after 600s — 2 lingering compute PID(s): [2756451, 2744237]; free=22058MB < baseline(31463)-tol(500)=30963
    S18_s12_seed2024: Pre-flight GPU idle check failed: timeout after 600s — 2 lingering compute PID(s): [2756451, 2744237]; free=25790MB < baseline(31463)-tol(500)=30963
====================================================================================================
